Component: ARM Compiler 5.06 update 6 (build 750) Tool: armlink [4d35ed]

==============================================================================

Section Cross References

    startup_stm32f103xe.o(RESET) refers to startup_stm32f103xe.o(STACK) for __initial_sp
    startup_stm32f103xe.o(RESET) refers to startup_stm32f103xe.o(.text) for Reset_Handler
    startup_stm32f103xe.o(RESET) refers to stm32f1xx_it.o(i.NMI_Handler) for NMI_Handler
    startup_stm32f103xe.o(RESET) refers to stm32f1xx_it.o(i.HardFault_Handler) for HardFault_Handler
    startup_stm32f103xe.o(RESET) refers to stm32f1xx_it.o(i.MemManage_Handler) for MemManage_Handler
    startup_stm32f103xe.o(RESET) refers to stm32f1xx_it.o(i.BusFault_Handler) for BusFault_Handler
    startup_stm32f103xe.o(RESET) refers to stm32f1xx_it.o(i.UsageFault_Handler) for UsageFault_Handler
    startup_stm32f103xe.o(RESET) refers to stm32f1xx_it.o(i.SVC_Handler) for SVC_Handler
    startup_stm32f103xe.o(RESET) refers to stm32f1xx_it.o(i.DebugMon_Handler) for DebugMon_Handler
    startup_stm32f103xe.o(RESET) refers to los_dispatch_keil.o(.text) for PendSV_Handler
    startup_stm32f103xe.o(RESET) refers to los_hwi.o(i.SysTick_Handler) for SysTick_Handler
    startup_stm32f103xe.o(RESET) refers to stm32f1xx_it.o(i.TIM2_IRQHandler) for TIM2_IRQHandler
    startup_stm32f103xe.o(RESET) refers to stm32f1xx_it.o(i.USART1_IRQHandler) for USART1_IRQHandler
    startup_stm32f103xe.o(RESET) refers to stm32f1xx_it.o(i.USART2_IRQHandler) for USART2_IRQHandler
    startup_stm32f103xe.o(RESET) refers to stm32f1xx_it.o(i.USART3_IRQHandler) for USART3_IRQHandler
    startup_stm32f103xe.o(RESET) refers to stm32f1xx_it.o(i.TIM6_IRQHandler) for TIM6_IRQHandler
    startup_stm32f103xe.o(.text) refers to system_stm32f1xx.o(i.SystemInit) for SystemInit
    startup_stm32f103xe.o(.text) refers to entry.o(.ARM.Collect$$$$00000000) for __main
    main.o(i.SystemClock_Config) refers to memseta.o(.text) for __aeabi_memclr4
    main.o(i.SystemClock_Config) refers to stm32f1xx_hal_rcc.o(i.HAL_RCC_OscConfig) for HAL_RCC_OscConfig
    main.o(i.SystemClock_Config) refers to stm32f1xx_hal_rcc.o(i.HAL_RCC_ClockConfig) for HAL_RCC_ClockConfig
    main.o(i.SystemClock_Config) refers to stm32f1xx_hal_rcc_ex.o(i.HAL_RCCEx_PeriphCLKConfig) for HAL_RCCEx_PeriphCLKConfig
    main.o(i.main) refers to stm32f1xx_hal.o(i.HAL_Init) for HAL_Init
    main.o(i.main) refers to stm32f1xx_hal.o(i.HAL_DeInit) for HAL_DeInit
    main.o(i.main) refers to los_init.o(i.LOS_KernelInit) for LOS_KernelInit
    main.o(i.main) refers to gpio.o(i.creat_task) for creat_task
    main.o(i.main) refers to los_init.o(i.LOS_Start) for LOS_Start
    main.o(i.main) refers to gpio.o(i.MX_GPIO_Init) for MX_GPIO_Init
    main.o(i.main) refers to spi.o(i.MX_SPI1_Init) for MX_SPI1_Init
    main.o(i.main) refers to tim.o(i.MX_TIM6_Init) for MX_TIM6_Init
    main.o(i.main) refers to usart.o(i.MX_USART1_UART_Init) for MX_USART1_UART_Init
    main.o(i.main) refers to usart.o(i.MX_USART2_UART_Init) for MX_USART2_UART_Init
    main.o(i.main) refers to usart.o(i.MX_USART3_UART_Init) for MX_USART3_UART_Init
    main.o(i.main) refers to usb.o(i.MX_USB_PCD_Init) for MX_USB_PCD_Init
    main.o(i.main) refers to tim.o(i.MX_TIM2_Init) for MX_TIM2_Init
    gpio.o(i.MX_GPIO_Init) refers to stm32f1xx_hal_gpio.o(i.HAL_GPIO_WritePin) for HAL_GPIO_WritePin
    gpio.o(i.MX_GPIO_Init) refers to stm32f1xx_hal_gpio.o(i.HAL_GPIO_Init) for HAL_GPIO_Init
    gpio.o(i.creat_task) refers to los_task.o(i.LOS_TaskCreate) for LOS_TaskCreate
    gpio.o(i.creat_task) refers to gpio.o(i.task_LED_1) for task_LED_1
    gpio.o(i.creat_task) refers to gpio.o(.data) for .data
    gpio.o(i.task_LED_1) refers to stm32f1xx_hal.o(i.HAL_Delay) for HAL_Delay
    gpio.o(i.task_LED_1) refers to gpio.o(.data) for .data
    spi.o(i.HAL_SPI_MspDeInit) refers to stm32f1xx_hal_gpio.o(i.HAL_GPIO_DeInit) for HAL_GPIO_DeInit
    spi.o(i.HAL_SPI_MspInit) refers to stm32f1xx_hal_gpio.o(i.HAL_GPIO_Init) for HAL_GPIO_Init
    spi.o(i.MX_SPI1_Init) refers to stm32f1xx_hal_spi_ex.o(i.HAL_SPI_Init) for HAL_SPI_Init
    spi.o(i.MX_SPI1_Init) refers to main.o(i.Error_Handler) for Error_Handler
    spi.o(i.MX_SPI1_Init) refers to spi.o(.bss) for .bss
    tim.o(i.HAL_TIM_Base_MspDeInit) refers to stm32f1xx_hal_cortex.o(i.HAL_NVIC_DisableIRQ) for HAL_NVIC_DisableIRQ
    tim.o(i.HAL_TIM_Base_MspInit) refers to stm32f1xx_hal_cortex.o(i.HAL_NVIC_SetPriority) for HAL_NVIC_SetPriority
    tim.o(i.HAL_TIM_Base_MspInit) refers to stm32f1xx_hal_cortex.o(i.HAL_NVIC_EnableIRQ) for HAL_NVIC_EnableIRQ
    tim.o(i.MX_TIM2_Init) refers to stm32f1xx_hal_tim.o(i.HAL_TIM_Base_Init) for HAL_TIM_Base_Init
    tim.o(i.MX_TIM2_Init) refers to main.o(i.Error_Handler) for Error_Handler
    tim.o(i.MX_TIM2_Init) refers to stm32f1xx_hal_tim.o(i.HAL_TIM_ConfigClockSource) for HAL_TIM_ConfigClockSource
[...]
    ..\\Lite OS\\kernel\\src\\los_memcheck.c 0x00000000   Number         0  los_memcheck.o ABSOLUTE
    ..\\Lite OS\\kernel\\src\\los_memory.c   0x00000000   Number         0  los_memory.o ABSOLUTE
    ..\\Lite OS\\kernel\\src\\los_memstat.c  0x00000000   Number         0  los_memstat.o ABSOLUTE
    ..\\Lite OS\\kernel\\src\\los_misc.c     0x00000000   Number         0  los_misc.o ABSOLUTE
    ..\\Lite OS\\kernel\\src\\los_mux.c      0x00000000   Number         0  los_mux.o ABSOLUTE
    ..\\Lite OS\\kernel\\src\\los_priqueue.c 0x00000000   Number         0  los_priqueue.o ABSOLUTE
    ..\\Lite OS\\kernel\\src\\los_queue.c    0x00000000   Number         0  los_queue.o ABSOLUTE
    ..\\Lite OS\\kernel\\src\\los_sem.c      0x00000000   Number         0  los_sem.o ABSOLUTE
    ..\\Lite OS\\kernel\\src\\los_slab.c     0x00000000   Number         0  los_slab.o ABSOLUTE
    ..\\Lite OS\\kernel\\src\\los_slabmem.c  0x00000000   Number         0  los_slabmem.o ABSOLUTE
    ..\\Lite OS\\kernel\\src\\los_swtmr.c    0x00000000   Number         0  los_swtmr.o ABSOLUTE
    ..\\Lite OS\\kernel\\src\\los_sys.c      0x00000000   Number         0  los_sys.o ABSOLUTE
    ..\\Lite OS\\kernel\\src\\los_task.c     0x00000000   Number         0  los_task.o ABSOLUTE
    ..\\Lite OS\\kernel\\src\\los_tick.c     0x00000000   Number         0  los_tick.o ABSOLUTE
    ..\\Lite OS\\kernel\\src\\los_tickless.c 0x00000000   Number         0  los_tickless.o ABSOLUTE
    ..\\Lite OS\\kernel\\src\\los_timeslice.c 0x00000000   Number         0  los_timeslice.o ABSOLUTE
    cdrcmple.s                               0x00000000   Number         0  cdrcmple.o ABSOLUTE
    dc.s                                     0x00000000   Number         0  dc.o ABSOLUTE
    handlers.s                               0x00000000   Number         0  handlers.o ABSOLUTE
    init.s                                   0x00000000   Number         0  init.o ABSOLUTE
    startup_stm32f103xe.s                    0x00000000   Number         0  startup_stm32f103xe.o ABSOLUTE
    RESET                                    0x08000000   Section      304  startup_stm32f103xe.o(RESET)
    .ARM.Collect$$$$00000000                 0x08000130   Section        0  entry.o(.ARM.Collect$$$$00000000)
    .ARM.Collect$$$$00000001                 0x08000130   Section        4  entry2.o(.ARM.Collect$$$$00000001)
    .ARM.Collect$$$$00000004                 0x08000134   Section        4  entry5.o(.ARM.Collect$$$$00000004)
    .ARM.Collect$$$$00000008                 0x08000138   Section        0  entry7b.o(.ARM.Collect$$$$00000008)
    .ARM.Collect$$$$0000000A                 0x08000138   Section        0  entry8b.o(.ARM.Collect$$$$0000000A)
    .ARM.Collect$$$$0000000B                 0x08000138   Section        8  entry9a.o(.ARM.Collect$$$$0000000B)
    .ARM.Collect$$$$0000000D                 0x08000140   Section        0  entry10a.o(.ARM.Collect$$$$0000000D)
    .ARM.Collect$$$$0000000F                 0x08000140   Section        0  entry11a.o(.ARM.Collect$$$$0000000F)
    .ARM.Collect$$$$00002712                 0x08000140   Section        4  entry2.o(.ARM.Collect$$$$00002712)
    __lit__00000000                          0x08000140   Data           4  entry2.o(.ARM.Collect$$$$00002712)
    .text                                    0x08000144   Section       36  startup_stm32f103xe.o(.text)
    .text                                    0x08000168   Section      204  los_dispatch_keil.o(.text)
    .text                                    0x08000234   Section        0  uldiv.o(.text)
    .text                                    0x08000296   Section        0  llushr.o(.text)
    .text                                    0x080002b6   Section        0  memcpya.o(.text)
    .text                                    0x080002da   Section        0  memseta.o(.text)
    .text                                    0x080002fe   Section        0  llshl.o(.text)
    .text                                    0x0800031c   Section       36  init.o(.text)
    i.BusFault_Handler                       0x08000340   Section        0  stm32f1xx_it.o(i.BusFault_Handler)
    i.DebugMon_Handler                       0x08000342   Section        0  stm32f1xx_it.o(i.DebugMon_Handler)
    i.Error_Handler                          0x08000344   Section        0  main.o(i.Error_Handler)
    i.HAL_DMA_Abort_IT                       0x08000348   Section        0  stm32f1xx_hal_dma.o(i.HAL_DMA_Abort_IT)
    i.HAL_DeInit                             0x08000478   Section        0  stm32f1xx_hal.o(i.HAL_DeInit)
    i.HAL_Delay                              0x08000498   Section        0  stm32f1xx_hal.o(i.HAL_Delay)
    i.HAL_GPIO_Init                          0x080004bc   Section        0  stm32f1xx_hal_gpio.o(i.HAL_GPIO_Init)
    i.HAL_GPIO_WritePin                      0x080006a4   Section        0  stm32f1xx_hal_gpio.o(i.HAL_GPIO_WritePin)
    i.HAL_GetTick                            0x080006b0   Section        0  stm32f1xx_hal.o(i.HAL_GetTick)
    i.HAL_Init                               0x080006bc   Section        0  stm32f1xx_hal.o(i.HAL_Init)
    i.HAL_InitTick                           0x080006e0   Section        0  stm32f1xx_hal.o(i.HAL_InitTick)
    i.HAL_MspDeInit                          0x08000720   Section        0  stm32f1xx_hal.o(i.HAL_MspDeInit)
    i.HAL_MspInit                            0x08000724   Section        0  stm32f1xx_hal_msp.o(i.HAL_MspInit)
    i.HAL_NVIC_EnableIRQ                     0x08000768   Section        0  stm32f1xx_hal_cortex.o(i.HAL_NVIC_EnableIRQ)
    i.HAL_NVIC_SetPriority                   0x08000780   Section        0  stm32f1xx_hal_cortex.o(i.HAL_NVIC_SetPriority)
    i.HAL_NVIC_SetPriorityGrouping           0x080007c0   Section        0  stm32f1xx_hal_cortex.o(i.HAL_NVIC_SetPriorityGrouping)
    i.HAL_PCD_Init                           0x080007e4   Section        0  stm32f1xx_hal_pcd.o(i.HAL_PCD_Init)
    i.HAL_PCD_MspInit                        0x080008a4   Section        0  usb.o(i.HAL_PCD_MspInit)
    i.HAL_RCC_GetPCLK1Freq                   0x080008cc   Section        0  stm32f1xx_hal_rcc.o(i.HAL_RCC_GetPCLK1Freq)
    i.HAL_RCC_GetPCLK2Freq                   0x080008ec   Section        0  stm32f1xx_hal_rcc.o(i.HAL_RCC_GetPCLK2Freq)
    i.HAL_SPI_Init                           0x0800090c   Section        0  stm32f1xx_hal_spi_ex.o(i.HAL_SPI_Init)
    i.HAL_SPI_MspInit                        0x08000990   Section        0  spi.o(i.HAL_SPI_MspInit)
    i.HAL_SYSTICK_Config                     0x08000a00   Section        0  stm32f1xx_hal_cortex.o(i.HAL_SYSTICK_Config)
    i.HAL_TIMEx_BreakCallback                0x08000a28   Section        0  stm32f1xx_hal_tim_ex.o(i.HAL_TIMEx_BreakCallback)
    i.HAL_TIMEx_CommutationCallback          0x08000a2a   Section        0  stm32f1xx_hal_tim_ex.o(i.HAL_TIMEx_CommutationCallback)
    i.HAL_TIMEx_MasterConfigSynchronization  0x08000a2c   Section        0  stm32f1xx_hal_tim_ex.o(i.HAL_TIMEx_MasterConfigSynchronization)
    i.HAL_TIM_Base_Init                      0x08000a7c   Section        0  stm32f1xx_hal_tim.o(i.HAL_TIM_Base_Init)
    i.HAL_TIM_Base_MspInit                   0x08000ab4   Section        0  tim.o(i.HAL_TIM_Base_MspInit)
    i.HAL_TIM_ConfigClockSource              0x08000b14   Section        0  stm32f1xx_hal_tim.o(i.HAL_TIM_ConfigClockSource)
    i.HAL_TIM_IC_CaptureCallback             0x08000c06   Section        0  stm32f1xx_hal_tim.o(i.HAL_TIM_IC_CaptureCallback)
    i.HAL_TIM_IRQHandler                     0x08000c08   Section        0  stm32f1xx_hal_tim.o(i.HAL_TIM_IRQHandler)
    i.HAL_TIM_OC_DelayElapsedCallback        0x08000d6e   Section        0  stm32f1xx_hal_tim.o(i.HAL_TIM_OC_DelayElapsedCallback)
    i.HAL_TIM_PWM_PulseFinishedCallback      0x08000d70   Section        0  stm32f1xx_hal_tim.o(i.HAL_TIM_PWM_PulseFinishedCallback)
    i.HAL_TIM_PeriodElapsedCallback          0x08000d72   Section        0  stm32f1xx_hal_tim.o(i.HAL_TIM_PeriodElapsedCallback)
    i.HAL_TIM_TriggerCallback                0x08000d74   Section        0  stm32f1xx_hal_tim.o(i.HAL_TIM_TriggerCallback)
    i.HAL_UART_ErrorCallback                 0x08000d76   Section        0  stm32f1xx_hal_uart.o(i.HAL_UART_ErrorCallback)
    i.HAL_UART_IRQHandler                    0x08000d78   Section        0  stm32f1xx_hal_uart.o(i.HAL_UART_IRQHandler)
    i.HAL_UART_Init                          0x08000e88   Section        0  stm32f1xx_hal_uart.o(i.HAL_UART_Init)
    i.HAL_UART_MspInit                       0x08000eec   Section        0  usart.o(i.HAL_UART_MspInit)
    i.HAL_UART_RxCpltCallback                0x08001020   Section        0  stm32f1xx_hal_uart.o(i.HAL_UART_RxCpltCallback)
    i.HAL_UART_Transmit                      0x08001022   Section        0  stm32f1xx_hal_uart.o(i.HAL_UART_Transmit)
    i.HAL_UART_TxCpltCallback                0x080010dc   Section        0  stm32f1xx_hal_uart.o(i.HAL_UART_TxCpltCallback)
    i.HardFault_Handler                      0x080010de   Section        0  stm32f1xx_it.o(i.HardFault_Handler)
    i.LOS_Align                              0x080010e0   Section        0  los_misc.o(i.LOS_Align)
    i.LOS_KernelInit                         0x080010f4   Section        0  los_init.o(i.LOS_KernelInit)
    i.LOS_ListAdd                            0x080011e4   Section        0  los_mux.o(i.LOS_ListAdd)
    LOS_ListAdd                              0x080011e5   Thumb Code    14  los_mux.o(i.LOS_ListAdd)
    i.LOS_ListAdd                            0x080011f2   Section        0  los_queue.o(i.LOS_ListAdd)
    LOS_ListAdd                              0x080011f3   Thumb Code    14  los_queue.o(i.LOS_ListAdd)
    i.LOS_ListAdd                            0x08001200   Section        0  los_sem.o(i.LOS_ListAdd)
    LOS_ListAdd                              0x08001201   Thumb Code    14  los_sem.o(i.LOS_ListAdd)
    i.LOS_ListAdd                            0x0800120e   Section        0  los_task.o(i.LOS_ListAdd)
    LOS_ListAdd                              0x0800120f   Thumb Code    14  los_task.o(i.LOS_ListAdd)
    i.LOS_ListDelete                         0x0800121c   Section        0  los_task.o(i.LOS_ListDelete)
    LOS_ListDelete                           0x0800121d   Thumb Code    20  los_task.o(i.LOS_ListDelete)
    i.LOS_ListTailInsert                     0x08001230   Section        0  los_task.o(i.LOS_ListTailInsert)
    LOS_ListTailInsert                       0x08001231   Thumb Code     6  los_task.o(i.LOS_ListTailInsert)
    i.LOS_MemAlloc                           0x08001236   Section        0  los_memory.o(i.LOS_MemAlloc)
    i.LOS_MemAllocAlign                      0x0800125e   Section        0  los_memory.o(i.LOS_MemAllocAlign)
    i.LOS_MemFree                            0x08001262   Section        0  los_memory.o(i.LOS_MemFree)
    i.LOS_MemInit                            0x08001288   Section        0  los_memory.o(i.LOS_MemInit)
    i.LOS_QueueCreate                        0x08001364   Section        0  los_queue.o(i.LOS_QueueCreate)
    i.LOS_QueueReadCopy                      0x08001428   Section        0  los_queue.o(i.LOS_QueueReadCopy)
    i.LOS_QueueWriteCopy                     0x0800144a   Section        0  los_queue.o(i.LOS_QueueWriteCopy)
    i.LOS_Schedule                           0x08001470   Section        0  los_hw.o(i.LOS_Schedule)
    i.LOS_Start                              0x080014b0   Section        0  los_init.o(i.LOS_Start)
    i.LOS_TaskCreate                         0x080014ec   Section        0  los_task.o(i.LOS_TaskCreate)
    i.LOS_TaskCreateOnly                     0x0800155c   Section        0  los_task.o(i.LOS_TaskCreateOnly)
    i.LOS_TaskDelete                         0x080016ac   Section        0  los_task.o(i.LOS_TaskDelete)
    i.LOS_TaskYield                          0x080017e4   Section        0  los_task.o(i.LOS_TaskYield)
    i.LOS_TickCountGet                       0x08001854   Section        0  los_sys.o(i.LOS_TickCountGet)
    i.MX_GPIO_Init                           0x08001860   Section        0  gpio.o(i.MX_GPIO_Init)
    i.MX_SPI1_Init                           0x08001954   Section        0  spi.o(i.MX_SPI1_Init)
    i.MX_TIM2_Init                           0x0800199c   Section        0  tim.o(i.MX_TIM2_Init)
    i.MX_TIM6_Init                           0x08001a00   Section        0  tim.o(i.MX_TIM6_Init)
    i.MX_USART1_UART_Init                    0x08001a48   Section        0  usart.o(i.MX_USART1_UART_Init)
    i.MX_USART2_UART_Init                    0x08001a80   Section        0  usart.o(i.MX_USART2_UART_Init)
    i.MX_USART3_UART_Init                    0x08001ab8   Section        0  usart.o(i.MX_USART3_UART_Init)
    i.MX_USB_PCD_Init                        0x08001af0   Section        0  usb.o(i.MX_USB_PCD_Init)
    i.MemManage_Handler                      0x08001b24   Section        0  stm32f1xx_it.o(i.MemManage_Handler)
    i.NMI_Handler                            0x08001b26   Section        0  stm32f1xx_it.o(i.NMI_Handler)
    i.NVIC_SetPriority                       0x08001b28   Section        0  stm32f1xx_hal_cortex.o(i.NVIC_SetPriority)
    NVIC_SetPriority                         0x08001b29   Thumb Code    32  stm32f1xx_hal_cortex.o(i.NVIC_SetPriority)
    i.SVC_Handler                            0x08001b48   Section        0  stm32f1xx_it.o(i.SVC_Handler)
    i.SysTick_Handler                        0x08001b4c   Section        0  los_hwi.o(i.SysTick_Handler)
    i.SystemInit                             0x08001b70   Section        0  system_stm32f1xx.o(i.SystemInit)
    i.TIM2_IRQHandler                        0x08001bb8   Section        0  stm32f1xx_it.o(i.TIM2_IRQHandler)
    i.TIM6_IRQHandler                        0x08001bc4   Section        0  stm32f1xx_it.o(i.TIM6_IRQHandler)
    i.TIM_Base_SetConfig                     0x08001bd0   Section        0  stm32f1xx_hal_tim.o(i.TIM_Base_SetConfig)
    i.TIM_ETR_SetConfig                      0x08001c5c   Section        0  stm32f1xx_hal_tim.o(i.TIM_ETR_SetConfig)
    TIM_ETR_SetConfig                        0x08001c5d   Thumb Code    20  stm32f1xx_hal_tim.o(i.TIM_ETR_SetConfig)
    i.TIM_ITRx_SetConfig                     0x08001c70   Section        0  stm32f1xx_hal_tim.o(i.TIM_ITRx_SetConfig)
    TIM_ITRx_SetConfig                       0x08001c71   Thumb Code    16  stm32f1xx_hal_tim.o(i.TIM_ITRx_SetConfig)
    i.TIM_TI1_ConfigInputStage               0x08001c80   Section        0  stm32f1xx_hal_tim.o(i.TIM_TI1_ConfigInputStage)
    TIM_TI1_ConfigInputStage                 0x08001c81   Thumb Code    34  stm32f1xx_hal_tim.o(i.TIM_TI1_ConfigInputStage)
    i.TIM_TI2_ConfigInputStage               0x08001ca2   Section        0  stm32f1xx_hal_tim.o(i.TIM_TI2_ConfigInputStage)
    TIM_TI2_ConfigInputStage                 0x08001ca3   Thumb Code    36  stm32f1xx_hal_tim.o(i.TIM_TI2_ConfigInputStage)
    i.UART_DMAAbortOnError                   0x08001cc6   Section        0  stm32f1xx_hal_uart.o(i.UART_DMAAbortOnError)
    UART_DMAAbortOnError                     0x08001cc7   Thumb Code    16  stm32f1xx_hal_uart.o(i.UART_DMAAbortOnError)
    i.UART_EndRxTransfer                     0x08001cd6   Section        0  stm32f1xx_hal_uart.o(i.UART_EndRxTransfer)
    UART_EndRxTransfer                       0x08001cd7   Thumb Code    28  stm32f1xx_hal_uart.o(i.UART_EndRxTransfer)
    i.UART_Receive_IT                        0x08001cf2   Section        0  stm32f1xx_hal_uart.o(i.UART_Receive_IT)
    UART_Receive_IT                          0x08001cf3   Thumb Code   150  stm32f1xx_hal_uart.o(i.UART_Receive_IT)
    i.UART_SetConfig                         0x08001d88   Section        0  stm32f1xx_hal_uart.o(i.UART_SetConfig)
    UART_SetConfig                           0x08001d89   Thumb Code   364  stm32f1xx_hal_uart.o(i.UART_SetConfig)
    i.UART_Transmit_IT                       0x08001ef8   Section        0  stm32f1xx_hal_uart.o(i.UART_Transmit_IT)
    UART_Transmit_IT                         0x08001ef9   Thumb Code    98  stm32f1xx_hal_uart.o(i.UART_Transmit_IT)
    i.UART_WaitOnFlagUntilTimeout            0x08001f5a   Section        0  stm32f1xx_hal_uart.o(i.UART_WaitOnFlagUntilTimeout)
    UART_WaitOnFlagUntilTimeout              0x08001f5b   Thumb Code   100  stm32f1xx_hal_uart.o(i.UART_WaitOnFlagUntilTimeout)
    i.USART1_IRQHandler                      0x08001fc0   Section        0  stm32f1xx_it.o(i.USART1_IRQHandler)
    i.USART2_IRQHandler                      0x08001fcc   Section        0  stm32f1xx_it.o(i.USART2_IRQHandler)
    i.USART3_IRQHandler                      0x08001fd8   Section        0  stm32f1xx_it.o(i.USART3_IRQHandler)
    i.USB_CoreInit                           0x08001fe4   Section        0  stm32f1xx_ll_usb.o(i.USB_CoreInit)
    i.USB_DevDisconnect                      0x08001fe8   Section        0  stm32f1xx_ll_usb.o(i.USB_DevDisconnect)
    i.USB_DevInit                            0x08001fec   Section        0  stm32f1xx_ll_usb.o(i.USB_DevInit)
    i.USB_DisableGlobalInt                   0x0800200a   Section        0  stm32f1xx_ll_usb.o(i.USB_DisableGlobalInt)
    i.USB_EnableGlobalInt                    0x08002018   Section        0  stm32f1xx_ll_usb.o(i.USB_EnableGlobalInt)
    i.USB_SetCurrentMode                     0x08002026   Section        0  stm32f1xx_ll_usb.o(i.USB_SetCurrentMode)
    i.UsageFault_Handler                     0x0800202a   Section        0  stm32f1xx_it.o(i.UsageFault_Handler)
    i.__0printf$8                            0x0800202c   Section        0  printf8.o(i.__0printf$8)
    i.__scatterload_copy                     0x0800204c   Section       14  handlers.o(i.__scatterload_copy)
    i.__scatterload_null                     0x0800205a   Section        2  handlers.o(i.__scatterload_null)
    i.__scatterload_zeroinit                 0x0800205c   Section       14  handlers.o(i.__scatterload_zeroinit)
    i._printf_core                           0x0800206c   Section        0  printf8.o(i._printf_core)
    _printf_core                             0x0800206d   Thumb Code   996  printf8.o(i._printf_core)
    i._printf_post_padding                   0x0800247c   Section        0  printf8.o(i._printf_post_padding)
    _printf_post_padding                     0x0800247d   Thumb Code    36  printf8.o(i._printf_post_padding)
    i._printf_pre_padding                    0x080024a0   Section        0  printf8.o(i._printf_pre_padding)
    _printf_pre_padding                      0x080024a1   Thumb Code    46  printf8.o(i._printf_pre_padding)
    i.creat_task                             0x080024d0   Section        0  gpio.o(i.creat_task)
    i.fputc                                  0x08002508   Section        0  usart.o(i.fputc)
    i.main                                   0x08002520   Section        0  main.o(i.main)
    i.osAlarmHeapInfo                        0x08002556   Section        0  los_heap.o(i.osAlarmHeapInfo)
    i.osAtomicBitsetClearBit                 0x08002570   Section        0  los_slab.o(i.osAtomicBitsetClearBit)
    i.osAtomicBitsetFindClearAndSet          0x0800258e   Section        0  los_slab.o(i.osAtomicBitsetFindClearAndSet)
    i.osAtomicBitsetGetBit                   0x080025d0   Section        0  los_slab.o(i.osAtomicBitsetGetBit)
    i.osAtomicBitsetInit                     0x080025f2   Section        0  los_slab.o(i.osAtomicBitsetInit)
    i.osHeapAlloc                            0x08002620   Section        0  los_heap.o(i.osHeapAlloc)
    i.osHeapAllocAlign                       0x08002740   Section        0  los_heap.o(i.osHeapAllocAlign)
    i.osHeapFree                             0x0800277c   Section        0  los_heap.o(i.osHeapFree)
    i.osHeapInit                             0x08002880   Section        0  los_heap.o(i.osHeapInit)
    i.osHeapPrvGetNext                       0x080028ba   Section        0  los_heap.o(i.osHeapPrvGetNext)
    i.osHeapStatisticsGet                    0x080028d0   Section        0  los_heap.o(i.osHeapStatisticsGet)
    i.osIdleTask                             0x08002918   Section        0  los_task.o(i.osIdleTask)
    i.osIdleTaskCreate                       0x0800291c   Section        0  los_task.o(i.osIdleTaskCreate)
    i.osIntNumGet                            0x0800295c   Section        0  los_hwi.o(i.osIntNumGet)
    i.osMemSystemInit                        0x08002964   Section        0  los_memory.o(i.osMemSystemInit)
    i.osMuxInit                              0x08002978   Section        0  los_mux.o(i.osMuxInit)
    i.osPriqueueDequeue                      0x080029d0   Section        0  los_priqueue.o(i.osPriqueueDequeue)
    i.osPriqueueEnqueue                      0x08002a08   Section        0  los_priqueue.o(i.osPriqueueEnqueue)
    i.osPriqueueInit                         0x08002a38   Section        0  los_priqueue.o(i.osPriqueueInit)
    i.osPriqueueSize                         0x08002a6c   Section        0  los_priqueue.o(i.osPriqueueSize)
    i.osPriqueueTop                          0x08002a90   Section        0  los_priqueue.o(i.osPriqueueTop)
    i.osQueueBufferOperate                   0x08002aac   Section        0  los_queue.o(i.osQueueBufferOperate)
    osQueueBufferOperate                     0x08002aad   Thumb Code   168  los_queue.o(i.osQueueBufferOperate)
    i.osQueueInit                            0x08002b7c   Section        0  los_queue.o(i.osQueueInit)
    i.osQueueOperate                         0x08002bd8   Section        0  los_queue.o(i.osQueueOperate)
    i.osQueueReadParameterCheck              0x08002d40   Section        0  los_queue.o(i.osQueueReadParameterCheck)
    osQueueReadParameterCheck                0x08002d41   Thumb Code    48  los_queue.o(i.osQueueReadParameterCheck)
    i.osQueueWriteParameterCheck             0x08002d74   Section        0  los_queue.o(i.osQueueWriteParameterCheck)
    osQueueWriteParameterCheck               0x08002d75   Thumb Code    46  los_queue.o(i.osQueueWriteParameterCheck)
    i.osSchedule                             0x08002da8   Section        0  los_hw.o(i.osSchedule)
    i.osSemInit                              0x08002dac   Section        0  los_sem.o(i.osSemInit)
    i.osSlabAllocatorAlloc                   0x08002e00   Section        0  los_slab.o(i.osSlabAllocatorAlloc)
    i.osSlabAllocatorFree                    0x08002e1c   Section        0  los_slab.o(i.osSlabAllocatorFree)
    i.osSlabAllocatorNew                     0x08002e54   Section        0  los_slab.o(i.osSlabAllocatorNew)
    i.osSlabBlockHeadFill                    0x08002e9a   Section        0  los_slabmem.o(i.osSlabBlockHeadFill)
    i.osSlabCtrlHdrGet                       0x08002eae   Section        0  los_memory.o(i.osSlabCtrlHdrGet)
    i.osSlabMemAlloc                         0x08002eb2   Section        0  los_slabmem.o(i.osSlabMemAlloc)
    i.osSlabMemFree                          0x08002f14   Section        0  los_slabmem.o(i.osSlabMemFree)
    i.osSlabMemInit                          0x08002f74   Section        0  los_slabmem.o(i.osSlabMemInit)
    i.osSwTmrInit                            0x08002fc8   Section        0  los_swtmr.o(i.osSwTmrInit)
    i.osSwTmrStart                           0x08003048   Section        0  los_swtmr.o(i.osSwTmrStart)
    i.osSwTmrTask                            0x080031d0   Section        0  los_swtmr.o(i.osSwTmrTask)
    i.osSwTmrTaskCreate                      0x0800320c   Section        0  los_swtmr.o(i.osSwTmrTaskCreate)
    i.osSwTmrTimeoutHandle                   0x0800324c   Section        0  los_swtmr.o(i.osSwTmrTimeoutHandle)
    osSwTmrTimeoutHandle                     0x0800324d   Thumb Code    98  los_swtmr.o(i.osSwTmrTimeoutHandle)
    i.osSwtmrDelete                          0x080032b4   Section        0  los_swtmr.o(i.osSwtmrDelete)
    osSwtmrDelete                            0x080032b5   Thumb Code    26  los_swtmr.o(i.osSwtmrDelete)
    i.osSwtmrScan                            0x080032d8   Section        0  los_swtmr.o(i.osSwtmrScan)
    i.osTaskAdd2TimerList                    0x080032f4   Section        0  los_task.o(i.osTaskAdd2TimerList)
    i.osTaskEntry                            0x08003378   Section        0  los_task.o(i.osTaskEntry)
    i.osTaskExit                             0x080033a4   Section        0  los_hw.o(i.osTaskExit)
    i.osTaskInit                             0x080033a8   Section        0  los_task.o(i.osTaskInit)
    i.osTaskMonInit                          0x0800347c   Section        0  los_task.o(i.osTaskMonInit)
    i.osTaskScan                             0x080034a8   Section        0  los_task.o(i.osTaskScan)
    i.osTaskSwitchCheck                      0x0800355c   Section        0  los_task.o(i.osTaskSwitchCheck)
    i.osTaskWait                             0x08003698   Section        0  los_task.o(i.osTaskWait)
    i.osTaskWake                             0x080036e4   Section        0  los_task.o(i.osTaskWake)
    i.osTickHandler                          0x08003724   Section        0  los_tick.o(i.osTickHandler)
    i.osTickStart                            0x0800374c   Section        0  los_hw_tick.o(i.osTickStart)
    i.osTimerListDelete                      0x080037bc   Section        0  los_task.o(i.osTimerListDelete)
    i.osTimesliceCheck                       0x080037f0   Section        0  los_timeslice.o(i.osTimesliceCheck)
    i.osTimesliceInit                        0x08003828   Section        0  los_timeslice.o(i.osTimesliceInit)
    i.osTskStackInit                         0x08003838   Section        0  los_hw.o(i.osTskStackInit)
    i.task_LED_1                             0x080038b8   Section        0  gpio.o(i.task_LED_1)
    task_LED_1                               0x080038b9   Thumb Code    34  gpio.o(i.task_LED_1)
    .constdata                               0x080038e4   Section        8  system_stm32f1xx.o(.constdata)
    .data                                    0x20000000   Section        8  gpio.o(.data)
    LED_1_flag                               0x20000000   Data           1  gpio.o(.data)
    taskID_LED_1                             0x20000004   Data           4  gpio.o(.data)
    .data                                    0x20000008   Section       12  stm32f1xx_hal.o(.data)
    .data                                    0x20000014   Section        4  system_stm32f1xx.o(.data)
    .data                                    0x20000018   Section       16  los_heap.o(.data)
    g_uwAllocCount                           0x20000018   Data           4  los_heap.o(.data)
    g_uwFreeCount                            0x2000001c   Data           4  los_heap.o(.data)
    g_uwCurHeapUsed                          0x20000020   Data           4  los_heap.o(.data)
    g_uwMaxHeapUsed                          0x20000024   Data           4  los_heap.o(.data)
    .data                                    0x20000028   Section        4  los_init.o(.data)
    .data                                    0x2000002c   Section        4  los_memory.o(.data)
    .data                                    0x20000030   Section       12  los_mux.o(.data)
    .data                                    0x2000003c   Section        8  los_priqueue.o(.data)
    g_uwPriQueueBitmap                       0x2000003c   Data           4  los_priqueue.o(.data)
    .data                                    0x20000044   Section       12  los_queue.o(.data)
    .data                                    0x20000050   Section       12  los_sem.o(.data)
    .data                                    0x2000005c   Section       28  los_swtmr.o(.data)
    m_uwSwtimerRousesTime                    0x2000005c   Data           4  los_swtmr.o(.data)
    m_pstRouses                              0x20000060   Data           4  los_swtmr.o(.data)
    m_pstRousesPrev                          0x20000064   Data           4  los_swtmr.o(.data)
    .data                                    0x20000078   Section       72  los_task.o(.data)
    .data                                    0x200000c0   Section        4  los_tick.o(.data)
    .data                                    0x200000c8   Section       16  los_tick.o(.data)
    .data                                    0x200000d8   Section        4  los_tick.o(.data)
    .data                                    0x200000dc   Section        8  los_timeslice.o(.data)
    .data                                    0x200000e4   Section        4  stdout.o(.data)
    .bss                                     0x200000e8   Section       88  spi.o(.bss)
    .bss                                     0x20000140   Section      128  tim.o(.bss)
    .bss                                     0x200001c0   Section      192  usart.o(.bss)
    .bss                                     0x20000280   Section     1120  usb.o(.bss)
    .bss                                     0x200006e0   Section       64  los_swtmr.o(.bss)
    .bss                                     0x20000720   Section      342  los_task.o(.bss)
    STACK                                    0x20000878   Section     2048  startup_stm32f103xe.o(STACK)

    Global Symbols

    Symbol Name                              Value     Ov Type        Size  Object(Section)

    BuildAttributes$$THM_ISAv4$P$D$K$B$S$PE$A:L22UL41UL21$X:L11$S22US41US21$IEEE1$IW$USESV6$~STKCKD$USESV7$~SHL$OSPACE$ROPI$EBA8$MICROLIB$REQ8$PRES8$EABIv2 0x00000000   Number         0  anon$$obj.o ABSOLUTE
    __ARM_use_no_argv                        0x00000000   Number         0  main.o ABSOLUTE
    _printf_a                                0x00000000   Number         0  stubs.o ABSOLUTE
    _printf_c                                0x00000000   Number         0  stubs.o ABSOLUTE
    _printf_charcount                        0x00000000   Number         0  stubs.o ABSOLUTE
    _printf_d                                0x00000000   Number         0  stubs.o ABSOLUTE
    _printf_e                                0x00000000   Number         0  stubs.o ABSOLUTE
    _printf_f                                0x00000000   Number         0  stubs.o ABSOLUTE
    _printf_flags                            0x00000000   Number         0  stubs.o ABSOLUTE
    _printf_fp_dec                           0x00000000   Number         0  stubs.o ABSOLUTE
    _printf_fp_hex                           0x00000000   Number         0  stubs.o ABSOLUTE
    _printf_g                                0x00000000   Number         0  stubs.o ABSOLUTE
    _printf_i                                0x00000000   Number         0  stubs.o ABSOLUTE
    _printf_int_dec                          0x00000000   Number         0  stubs.o ABSOLUTE
    _printf_l                                0x00000000   Number         0  stubs.o ABSOLUTE
    _printf_lc                               0x00000000   Number         0  stubs.o ABSOLUTE
    _printf_ll                               0x00000000   Number         0  stubs.o ABSOLUTE
    _printf_lld                              0x00000000   Number         0  stubs.o ABSOLUTE
    _printf_lli                              0x00000000   Number         0  stubs.o ABSOLUTE
    _printf_llo                              0x00000000   Number         0  stubs.o ABSOLUTE
    _printf_llu                              0x00000000   Number         0  stubs.o ABSOLUTE
    _printf_llx                              0x00000000   Number         0  stubs.o ABSOLUTE
    _printf_longlong_dec                     0x00000000   Number         0  stubs.o ABSOLUTE
    _printf_longlong_hex                     0x00000000   Number         0  stubs.o ABSOLUTE
    _printf_longlong_oct                     0x00000000   Number         0  stubs.o ABSOLUTE
    _printf_ls                               0x00000000   Number         0  stubs.o ABSOLUTE
    _printf_mbtowc                           0x00000000   Number         0  stubs.o ABSOLUTE
    _printf_n                                0x00000000   Number         0  stubs.o ABSOLUTE
    _printf_o                                0x00000000   Number         0  stubs.o ABSOLUTE
    _printf_p                                0x00000000   Number         0  stubs.o ABSOLUTE
    _printf_percent                          0x00000000   Number         0  stubs.o ABSOLUTE
    _printf_pre_padding                      0x00000000   Number         0  stubs.o ABSOLUTE
    _printf_return_value                     0x00000000   Number         0  stubs.o ABSOLUTE
    _printf_s                                0x00000000   Number         0  stubs.o ABSOLUTE
    _printf_sizespec                         0x00000000   Number         0  stubs.o ABSOLUTE
    _printf_str                              0x00000000   Number         0  stubs.o ABSOLUTE
    _printf_truncate_signed                  0x00000000   Number         0  stubs.o ABSOLUTE
    _printf_truncate_unsigned                0x00000000   Number         0  stubs.o ABSOLUTE
    _printf_u                                0x00000000   Number         0  stubs.o ABSOLUTE
    _printf_wc                               0x00000000   Number         0  stubs.o ABSOLUTE
    _printf_wctomb                           0x00000000   Number         0  stubs.o ABSOLUTE
    _printf_widthprec                        0x00000000   Number         0  stubs.o ABSOLUTE
    _printf_x                                0x00000000   Number         0  stubs.o ABSOLUTE
    __cpp_initialize__aeabi_                  - Undefined Weak Reference
    __cxa_finalize                            - Undefined Weak Reference
    __decompress                              - Undefined Weak Reference
    _clock_init                               - Undefined Weak Reference
    _microlib_exit                            - Undefined Weak Reference
    __Vectors_Size                           0x00000130   Number         0  startup_stm32f103xe.o ABSOLUTE
    __Vectors                                0x08000000   Data           4  startup_stm32f103xe.o(RESET)
    __Vectors_End                            0x08000130   Data           0  startup_stm32f103xe.o(RESET)
    __main                                   0x08000131   Thumb Code     0  entry.o(.ARM.Collect$$$$00000000)
    _main_stk                                0x08000131   Thumb Code     0  entry2.o(.ARM.Collect$$$$00000001)
    _main_scatterload                        0x08000135   Thumb Code     0  entry5.o(.ARM.Collect$$$$00000004)
    __main_after_scatterload                 0x08000139   Thumb Code     0  entry5.o(.ARM.Collect$$$$00000004)
    _main_clock                              0x08000139   Thumb Code     0  entry7b.o(.ARM.Collect$$$$00000008)
    _main_cpp_init                           0x08000139   Thumb Code     0  entry8b.o(.ARM.Collect$$$$0000000A)
    _main_init                               0x08000139   Thumb Code     0  entry9a.o(.ARM.Collect$$$$0000000B)
    __rt_final_cpp                           0x08000141   Thumb Code     0  entry10a.o(.ARM.Collect$$$$0000000D)
    __rt_final_exit                          0x08000141   Thumb Code     0  entry11a.o(.ARM.Collect$$$$0000000F)
    Reset_Handler                            0x08000145   Thumb Code     8  startup_stm32f103xe.o(.text)
    ADC1_2_IRQHandler                        0x0800015f   Thumb Code     0  startup_stm32f103xe.o(.text)
    ADC3_IRQHandler                          0x0800015f   Thumb Code     0  startup_stm32f103xe.o(.text)
    CAN1_RX1_IRQHandler                      0x0800015f   Thumb Code     0  startup_stm32f103xe.o(.text)
    CAN1_SCE_IRQHandler                      0x0800015f   Thumb Code     0  startup_stm32f103xe.o(.text)
    DMA1_Channel1_IRQHandler                 0x0800015f   Thumb Code     0  startup_stm32f103xe.o(.text)
    DMA1_Channel2_IRQHandler                 0x0800015f   Thumb Code     0  startup_stm32f103xe.o(.text)
    DMA1_Channel3_IRQHandler                 0x0800015f   Thumb Code     0  startup_stm32f103xe.o(.text)
    DMA1_Channel4_IRQHandler                 0x0800015f   Thumb Code     0  startup_stm32f103xe.o(.text)
    DMA1_Channel5_IRQHandler                 0x0800015f   Thumb Code     0  startup_stm32f103xe.o(.text)
    DMA1_Channel6_IRQHandler                 0x0800015f   Thumb Code     0  startup_stm32f103xe.o(.text)
    DMA1_Channel7_IRQHandler                 0x0800015f   Thumb Code     0  startup_stm32f103xe.o(.text)
    DMA2_Channel1_IRQHandler                 0x0800015f   Thumb Code     0  startup_stm32f103xe.o(.text)
    DMA2_Channel2_IRQHandler                 0x0800015f   Thumb Code     0  startup_stm32f103xe.o(.text)
    DMA2_Channel3_IRQHandler                 0x0800015f   Thumb Code     0  startup_stm32f103xe.o(.text)
    DMA2_Channel4_5_IRQHandler               0x0800015f   Thumb Code     0  startup_stm32f103xe.o(.text)
    EXTI0_IRQHandler                         0x0800015f   Thumb Code     0  startup_stm32f103xe.o(.text)
    EXTI15_10_IRQHandler                     0x0800015f   Thumb Code     0  startup_stm32f103xe.o(.text)
    EXTI1_IRQHandler                         0x0800015f   Thumb Code     0  startup_stm32f103xe.o(.text)
    EXTI2_IRQHandler                         0x0800015f   Thumb Code     0  startup_stm32f103xe.o(.text)
    EXTI3_IRQHandler                         0x0800015f   Thumb Code     0  startup_stm32f103xe.o(.text)
    EXTI4_IRQHandler                         0x0800015f   Thumb Code     0  startup_stm32f103xe.o(.text)
    EXTI9_5_IRQHandler                       0x0800015f   Thumb Code     0  startup_stm32f103xe.o(.text)
    FLASH_IRQHandler                         0x0800015f   Thumb Code     0  startup_stm32f103xe.o(.text)
    FSMC_IRQHandler                          0x0800015f   Thumb Code     0  startup_stm32f103xe.o(.text)
    I2C1_ER_IRQHandler                       0x0800015f   Thumb Code     0  startup_stm32f103xe.o(.text)
    I2C1_EV_IRQHandler                       0x0800015f   Thumb Code     0  startup_stm32f103xe.o(.text)
    I2C2_ER_IRQHandler                       0x0800015f   Thumb Code     0  startup_stm32f103xe.o(.text)
    I2C2_EV_IRQHandler                       0x0800015f   Thumb Code     0  startup_stm32f103xe.o(.text)
    PVD_IRQHandler                           0x0800015f   Thumb Code     0  startup_stm32f103xe.o(.text)
    RCC_IRQHandler                           0x0800015f   Thumb Code     0  startup_stm32f103xe.o(.text)
    RTC_Alarm_IRQHandler                     0x0800015f   Thumb Code     0  startup_stm32f103xe.o(.text)
    RTC_IRQHandler                           0x0800015f   Thumb Code     0  startup_stm32f103xe.o(.text)
    SDIO_IRQHandler                          0x0800015f   Thumb Code     0  startup_stm32f103xe.o(.text)
    SPI1_IRQHandler                          0x0800015f   Thumb Code     0  startup_stm32f103xe.o(.text)
    SPI2_IRQHandler                          0x0800015f   Thumb Code     0  startup_stm32f103xe.o(.text)
    SPI3_IRQHandler                          0x0800015f   Thumb Code     0  startup_stm32f103xe.o(.text)
    TAMPER_IRQHandler                        0x0800015f   Thumb Code     0  startup_stm32f103xe.o(.text)
    TIM1_BRK_IRQHandler                      0x0800015f   Thumb Code     0  startup_stm32f103xe.o(.text)
    TIM1_CC_IRQHandler                       0x0800015f   Thumb Code     0  startup_stm32f103xe.o(.text)
    TIM1_TRG_COM_IRQHandler                  0x0800015f   Thumb Code     0  startup_stm32f103xe.o(.text)
    TIM1_UP_IRQHandler                       0x0800015f   Thumb Code     0  startup_stm32f103xe.o(.text)
    TIM3_IRQHandler                          0x0800015f   Thumb Code     0  startup_stm32f103xe.o(.text)
    TIM4_IRQHandler                          0x0800015f   Thumb Code     0  startup_stm32f103xe.o(.text)
    TIM5_IRQHandler                          0x0800015f   Thumb Code     0  startup_stm32f103xe.o(.text)
    TIM7_IRQHandler                          0x0800015f   Thumb Code     0  startup_stm32f103xe.o(.text)
    TIM8_BRK_IRQHandler                      0x0800015f   Thumb Code     0  startup_stm32f103xe.o(.text)
    TIM8_CC_IRQHandler                       0x0800015f   Thumb Code     0  startup_stm32f103xe.o(.text)
    TIM8_TRG_COM_IRQHandler                  0x0800015f   Thumb Code     0  startup_stm32f103xe.o(.text)
    TIM8_UP_IRQHandler                       0x0800015f   Thumb Code     0  startup_stm32f103xe.o(.text)
    UART4_IRQHandler                         0x0800015f   Thumb Code     0  startup_stm32f103xe.o(.text)
    UART5_IRQHandler                         0x0800015f   Thumb Code     0  startup_stm32f103xe.o(.text)
    USBWakeUp_IRQHandler                     0x0800015f   Thumb Code     0  startup_stm32f103xe.o(.text)
    USB_HP_CAN1_TX_IRQHandler                0x0800015f   Thumb Code     0  startup_stm32f103xe.o(.text)
    USB_LP_CAN1_RX0_IRQHandler               0x0800015f   Thumb Code     0  startup_stm32f103xe.o(.text)
    WWDG_IRQHandler                          0x0800015f   Thumb Code     0  startup_stm32f103xe.o(.text)
    LOS_StartToRun                           0x08000169   Thumb Code     0  los_dispatch_keil.o(.text)
    LOS_IntLock                              0x080001b1   Thumb Code     0  los_dispatch_keil.o(.text)
    LOS_IntUnLock                            0x080001b9   Thumb Code     0  los_dispatch_keil.o(.text)
    LOS_IntRestore                           0x080001c1   Thumb Code     0  los_dispatch_keil.o(.text)
    osTaskSchedule                           0x080001c7   Thumb Code     0  los_dispatch_keil.o(.text)
    PendSV_Handler                           0x080001d1   Thumb Code     0  los_dispatch_keil.o(.text)
    __aeabi_uldivmod                         0x08000235   Thumb Code    98  uldiv.o(.text)
    __aeabi_llsr                             0x08000297   Thumb Code    32  llushr.o(.text)
    _ll_ushift_r                             0x08000297   Thumb Code     0  llushr.o(.text)
    __aeabi_memcpy                           0x080002b7   Thumb Code    36  memcpya.o(.text)
    __aeabi_memcpy4                          0x080002b7   Thumb Code     0  memcpya.o(.text)
    __aeabi_memcpy8                          0x080002b7   Thumb Code     0  memcpya.o(.text)
    __aeabi_memset                           0x080002db   Thumb Code    14  memseta.o(.text)
    __aeabi_memset4                          0x080002db   Thumb Code     0  memseta.o(.text)
    __aeabi_memset8                          0x080002db   Thumb Code     0  memseta.o(.text)
    __aeabi_memclr                           0x080002e9   Thumb Code     4  memseta.o(.text)
    __aeabi_memclr4                          0x080002e9   Thumb Code     0  memseta.o(.text)
    __aeabi_memclr8                          0x080002e9   Thumb Code     0  memseta.o(.text)
    _memset$wrapper                          0x080002ed   Thumb Code    18  memseta.o(.text)
    __aeabi_llsl                             0x080002ff   Thumb Code    30  llshl.o(.text)
    _ll_shift_l                              0x080002ff   Thumb Code     0  llshl.o(.text)
    __scatterload                            0x0800031d   Thumb Code    28  init.o(.text)
    __scatterload_rt2                        0x0800031d   Thumb Code     0  init.o(.text)
    BusFault_Handler                         0x08000341   Thumb Code     2  stm32f1xx_it.o(i.BusFault_Handler)
    DebugMon_Handler                         0x08000343   Thumb Code     2  stm32f1xx_it.o(i.DebugMon_Handler)
    Error_Handler                            0x08000345   Thumb Code     2  main.o(i.Error_Handler)
    HAL_DMA_Abort_IT                         0x08000349   Thumb Code   296  stm32f1xx_hal_dma.o(i.HAL_DMA_Abort_IT)
    HAL_DeInit                               0x08000479   Thumb Code    26  stm32f1xx_hal.o(i.HAL_DeInit)
    HAL_Delay                                0x08000499   Thumb Code    32  stm32f1xx_hal.o(i.HAL_Delay)
    HAL_GPIO_Init                            0x080004bd   Thumb Code   446  stm32f1xx_hal_gpio.o(i.HAL_GPIO_Init)
    HAL_GPIO_WritePin                        0x080006a5   Thumb Code    10  stm32f1xx_hal_gpio.o(i.HAL_GPIO_WritePin)
    HAL_GetTick                              0x080006b1   Thumb Code     6  stm32f1xx_hal.o(i.HAL_GetTick)
    HAL_Init                                 0x080006bd   Thumb Code    32  stm32f1xx_hal.o(i.HAL_Init)
    HAL_InitTick                             0x080006e1   Thumb Code    54  stm32f1xx_hal.o(i.HAL_InitTick)
    HAL_MspDeInit                            0x08000721   Thumb Code     2  stm32f1xx_hal.o(i.HAL_MspDeInit)
    HAL_MspInit                              0x08000725   Thumb Code    58  stm32f1xx_hal_msp.o(i.HAL_MspInit)
    HAL_NVIC_EnableIRQ                       0x08000769   Thumb Code    22  stm32f1xx_hal_cortex.o(i.HAL_NVIC_EnableIRQ)
    HAL_NVIC_SetPriority                     0x08000781   Thumb Code    60  stm32f1xx_hal_cortex.o(i.HAL_NVIC_SetPriority)
    HAL_NVIC_SetPriorityGrouping             0x080007c1   Thumb Code    26  stm32f1xx_hal_cortex.o(i.HAL_NVIC_SetPriorityGrouping)
    HAL_PCD_Init                             0x080007e5   Thumb Code   192  stm32f1xx_hal_pcd.o(i.HAL_PCD_Init)
    HAL_PCD_MspInit                          0x080008a5   Thumb Code    30  usb.o(i.HAL_PCD_MspInit)
    HAL_RCC_GetPCLK1Freq                     0x080008cd   Thumb Code    20  stm32f1xx_hal_rcc.o(i.HAL_RCC_GetPCLK1Freq)
    HAL_RCC_GetPCLK2Freq                     0x080008ed   Thumb Code    20  stm32f1xx_hal_rcc.o(i.HAL_RCC_GetPCLK2Freq)
    HAL_SPI_Init                             0x0800090d   Thumb Code   130  stm32f1xx_hal_spi_ex.o(i.HAL_SPI_Init)
    HAL_SPI_MspInit                          0x08000991   Thumb Code    98  spi.o(i.HAL_SPI_MspInit)
    HAL_SYSTICK_Config                       0x08000a01   Thumb Code    40  stm32f1xx_hal_cortex.o(i.HAL_SYSTICK_Config)
    HAL_TIMEx_BreakCallback                  0x08000a29   Thumb Code     2  stm32f1xx_hal_tim_ex.o(i.HAL_TIMEx_BreakCallback)
    HAL_TIMEx_CommutationCallback            0x08000a2b   Thumb Code     2  stm32f1xx_hal_tim_ex.o(i.HAL_TIMEx_CommutationCallback)
    HAL_TIMEx_MasterConfigSynchronization    0x08000a2d   Thumb Code    80  stm32f1xx_hal_tim_ex.o(i.HAL_TIMEx_MasterConfigSynchronization)
    HAL_TIM_Base_Init                        0x08000a7d   Thumb Code    54  stm32f1xx_hal_tim.o(i.HAL_TIM_Base_Init)
    HAL_TIM_Base_MspInit                     0x08000ab5   Thumb Code    86  tim.o(i.HAL_TIM_Base_MspInit)
    HAL_TIM_ConfigClockSource                0x08000b15   Thumb Code   242  stm32f1xx_hal_tim.o(i.HAL_TIM_ConfigClockSource)
    HAL_TIM_IC_CaptureCallback               0x08000c07   Thumb Code     2  stm32f1xx_hal_tim.o(i.HAL_TIM_IC_CaptureCallback)
    HAL_TIM_IRQHandler                       0x08000c09   Thumb Code   358  stm32f1xx_hal_tim.o(i.HAL_TIM_IRQHandler)
    HAL_TIM_OC_DelayElapsedCallback          0x08000d6f   Thumb Code     2  stm32f1xx_hal_tim.o(i.HAL_TIM_OC_DelayElapsedCallback)
    HAL_TIM_PWM_PulseFinishedCallback        0x08000d71   Thumb Code     2  stm32f1xx_hal_tim.o(i.HAL_TIM_PWM_PulseFinishedCallback)
    HAL_TIM_PeriodElapsedCallback            0x08000d73   Thumb Code     2  stm32f1xx_hal_tim.o(i.HAL_TIM_PeriodElapsedCallback)
    HAL_TIM_TriggerCallback                  0x08000d75   Thumb Code     2  stm32f1xx_hal_tim.o(i.HAL_TIM_TriggerCallback)
    HAL_UART_ErrorCallback                   0x08000d77   Thumb Code     2  stm32f1xx_hal_uart.o(i.HAL_UART_ErrorCallback)
    HAL_UART_IRQHandler                      0x08000d79   Thumb Code   266  stm32f1xx_hal_uart.o(i.HAL_UART_IRQHandler)
    HAL_UART_Init                            0x08000e89   Thumb Code    98  stm32f1xx_hal_uart.o(i.HAL_UART_Init)
    HAL_UART_MspInit                         0x08000eed   Thumb Code   282  usart.o(i.HAL_UART_MspInit)
    HAL_UART_RxCpltCallback                  0x08001021   Thumb Code     2  stm32f1xx_hal_uart.o(i.HAL_UART_RxCpltCallback)
    HAL_UART_Transmit                        0x08001023   Thumb Code   186  stm32f1xx_hal_uart.o(i.HAL_UART_Transmit)
    HAL_UART_TxCpltCallback                  0x080010dd   Thumb Code     2  stm32f1xx_hal_uart.o(i.HAL_UART_TxCpltCallback)
    HardFault_Handler                        0x080010df   Thumb Code     2  stm32f1xx_it.o(i.HardFault_Handler)
    LOS_Align                                0x080010e1   Thumb Code    20  los_misc.o(i.LOS_Align)
    LOS_KernelInit                           0x080010f5   Thumb Code   130  los_init.o(i.LOS_KernelInit)
    LOS_MemAlloc                             0x08001237   Thumb Code    40  los_memory.o(i.LOS_MemAlloc)
    LOS_MemAllocAlign                        0x0800125f   Thumb Code     4  los_memory.o(i.LOS_MemAllocAlign)
    LOS_MemFree                              0x08001263   Thumb Code    38  los_memory.o(i.LOS_MemFree)
    LOS_MemInit                              0x08001289   Thumb Code   160  los_memory.o(i.LOS_MemInit)
    LOS_QueueCreate                          0x08001365   Thumb Code   182  los_queue.o(i.LOS_QueueCreate)
    LOS_QueueReadCopy                        0x08001429   Thumb Code    34  los_queue.o(i.LOS_QueueReadCopy)
    LOS_QueueWriteCopy                       0x0800144b   Thumb Code    38  los_queue.o(i.LOS_QueueWriteCopy)
    LOS_Schedule                             0x08001471   Thumb Code    54  los_hw.o(i.LOS_Schedule)
    LOS_Start                                0x080014b1   Thumb Code    32  los_init.o(i.LOS_Start)
    LOS_TaskCreate                           0x080014ed   Thumb Code   106  los_task.o(i.LOS_TaskCreate)
    LOS_TaskCreateOnly                       0x0800155d   Thumb Code   310  los_task.o(i.LOS_TaskCreateOnly)
    LOS_TaskDelete                           0x080016ad   Thumb Code   298  los_task.o(i.LOS_TaskDelete)
    LOS_TaskYield                            0x080017e5   Thumb Code   102  los_task.o(i.LOS_TaskYield)
    LOS_TickCountGet                         0x08001855   Thumb Code     8  los_sys.o(i.LOS_TickCountGet)
    MX_GPIO_Init                             0x08001861   Thumb Code   226  gpio.o(i.MX_GPIO_Init)
    MX_SPI1_Init                             0x08001955   Thumb Code    62  spi.o(i.MX_SPI1_Init)
    MX_TIM2_Init                             0x0800199d   Thumb Code    96  tim.o(i.MX_TIM2_Init)
    MX_TIM6_Init                             0x08001a01   Thumb Code    62  tim.o(i.MX_TIM6_Init)
    MX_USART1_UART_Init                      0x08001a49   Thumb Code    48  usart.o(i.MX_USART1_UART_Init)
    MX_USART2_UART_Init                      0x08001a81   Thumb Code    48  usart.o(i.MX_USART2_UART_Init)
    MX_USART3_UART_Init                      0x08001ab9   Thumb Code    48  usart.o(i.MX_USART3_UART_Init)
    MX_USB_PCD_Init                          0x08001af1   Thumb Code    42  usb.o(i.MX_USB_PCD_Init)
    MemManage_Handler                        0x08001b25   Thumb Code     2  stm32f1xx_it.o(i.MemManage_Handler)
    NMI_Handler                              0x08001b27   Thumb Code     2  stm32f1xx_it.o(i.NMI_Handler)
    SVC_Handler                              0x08001b49   Thumb Code     2  stm32f1xx_it.o(i.SVC_Handler)
    SysTick_Handler                          0x08001b4d   Thumb Code    28  los_hwi.o(i.SysTick_Handler)
    SystemInit                               0x08001b71   Thumb Code    56  system_stm32f1xx.o(i.SystemInit)
    TIM2_IRQHandler                          0x08001bb9   Thumb Code     6  stm32f1xx_it.o(i.TIM2_IRQHandler)
    TIM6_IRQHandler                          0x08001bc5   Thumb Code     6  stm32f1xx_it.o(i.TIM6_IRQHandler)
    TIM_Base_SetConfig                       0x08001bd1   Thumb Code   120  stm32f1xx_hal_tim.o(i.TIM_Base_SetConfig)
    USART1_IRQHandler                        0x08001fc1   Thumb Code     6  stm32f1xx_it.o(i.USART1_IRQHandler)
    USART2_IRQHandler                        0x08001fcd   Thumb Code     6  stm32f1xx_it.o(i.USART2_IRQHandler)
    USART3_IRQHandler                        0x08001fd9   Thumb Code     6  stm32f1xx_it.o(i.USART3_IRQHandler)
    USB_CoreInit                             0x08001fe5   Thumb Code     4  stm32f1xx_ll_usb.o(i.USB_CoreInit)
    USB_DevDisconnect                        0x08001fe9   Thumb Code     4  stm32f1xx_ll_usb.o(i.USB_DevDisconnect)
    USB_DevInit                              0x08001fed   Thumb Code    30  stm32f1xx_ll_usb.o(i.USB_DevInit)
    USB_DisableGlobalInt                     0x0800200b   Thumb Code    14  stm32f1xx_ll_usb.o(i.USB_DisableGlobalInt)
    USB_EnableGlobalInt                      0x08002019   Thumb Code    14  stm32f1xx_ll_usb.o(i.USB_EnableGlobalInt)
    USB_SetCurrentMode                       0x08002027   Thumb Code     4  stm32f1xx_ll_usb.o(i.USB_SetCurrentMode)
    UsageFault_Handler                       0x0800202b   Thumb Code     2  stm32f1xx_it.o(i.UsageFault_Handler)
    __0printf$8                              0x0800202d   Thumb Code    22  printf8.o(i.__0printf$8)
    __1printf$8                              0x0800202d   Thumb Code     0  printf8.o(i.__0printf$8)
    __2printf                                0x0800202d   Thumb Code     0  printf8.o(i.__0printf$8)
    __scatterload_copy                       0x0800204d   Thumb Code    14  handlers.o(i.__scatterload_copy)
    __scatterload_null                       0x0800205b   Thumb Code     2  handlers.o(i.__scatterload_null)
    __scatterload_zeroinit                   0x0800205d   Thumb Code    14  handlers.o(i.__scatterload_zeroinit)
    creat_task                               0x080024d1   Thumb Code    36  gpio.o(i.creat_task)
    fputc                                    0x08002509   Thumb Code    20  usart.o(i.fputc)
    main                                     0x08002521   Thumb Code    54  main.o(i.main)
    osAlarmHeapInfo                          0x08002557   Thumb Code    26  los_heap.o(i.osAlarmHeapInfo)
    osAtomicBitsetClearBit                   0x08002571   Thumb Code    30  los_slab.o(i.osAtomicBitsetClearBit)
    osAtomicBitsetFindClearAndSet            0x0800258f   Thumb Code    66  los_slab.o(i.osAtomicBitsetFindClearAndSet)
    osAtomicBitsetGetBit                     0x080025d1   Thumb Code    34  los_slab.o(i.osAtomicBitsetGetBit)
    osAtomicBitsetInit                       0x080025f3   Thumb Code    44  los_slab.o(i.osAtomicBitsetInit)
    osHeapAlloc                              0x08002621   Thumb Code   228  los_heap.o(i.osHeapAlloc)
    osHeapAllocAlign                         0x08002741   Thumb Code    58  los_heap.o(i.osHeapAllocAlign)
    osHeapFree                               0x0800277d   Thumb Code   226  los_heap.o(i.osHeapFree)
    osHeapInit                               0x08002881   Thumb Code    58  los_heap.o(i.osHeapInit)
    osHeapPrvGetNext                         0x080028bb   Thumb Code    22  los_heap.o(i.osHeapPrvGetNext)
    osHeapStatisticsGet                      0x080028d1   Thumb Code    66  los_heap.o(i.osHeapStatisticsGet)
    osIdleTask                               0x08002919   Thumb Code     2  los_task.o(i.osIdleTask)
    osIdleTaskCreate                         0x0800291d   Thumb Code    44  los_task.o(i.osIdleTaskCreate)
    osIntNumGet                              0x0800295d   Thumb Code     6  los_hwi.o(i.osIntNumGet)
    osMemSystemInit                          0x08002965   Thumb Code    10  los_memory.o(i.osMemSystemInit)
    osMuxInit                                0x08002979   Thumb Code    74  los_mux.o(i.osMuxInit)
    osPriqueueDequeue                        0x080029d1   Thumb Code    50  los_priqueue.o(i.osPriqueueDequeue)
    osPriqueueEnqueue                        0x08002a09   Thumb Code    44  los_priqueue.o(i.osPriqueueEnqueue)
    osPriqueueInit                           0x08002a39   Thumb Code    42  los_priqueue.o(i.osPriqueueInit)
    osPriqueueSize                           0x08002a6d   Thumb Code    30  los_priqueue.o(i.osPriqueueSize)
    osPriqueueTop                            0x08002a91   Thumb Code    24  los_priqueue.o(i.osPriqueueTop)
    osQueueInit                              0x08002b7d   Thumb Code    80  los_queue.o(i.osQueueInit)
    osQueueOperate                           0x08002bd9   Thumb Code   342  los_queue.o(i.osQueueOperate)
    osSchedule                               0x08002da9   Thumb Code     4  los_hw.o(i.osSchedule)
    osSemInit                                0x08002dad   Thumb Code    72  los_sem.o(i.osSemInit)
    osSlabAllocatorAlloc                     0x08002e01   Thumb Code    28  los_slab.o(i.osSlabAllocatorAlloc)
    osSlabAllocatorFree                      0x08002e1d   Thumb Code    56  los_slab.o(i.osSlabAllocatorFree)
    osSlabAllocatorNew                       0x08002e55   Thumb Code    70  los_slab.o(i.osSlabAllocatorNew)
    osSlabBlockHeadFill                      0x08002e9b   Thumb Code    20  los_slabmem.o(i.osSlabBlockHeadFill)
    osSlabCtrlHdrGet                         0x08002eaf   Thumb Code     4  los_memory.o(i.osSlabCtrlHdrGet)
    osSlabMemAlloc                           0x08002eb3   Thumb Code    98  los_slabmem.o(i.osSlabMemAlloc)
    osSlabMemFree                            0x08002f15   Thumb Code    94  los_slabmem.o(i.osSlabMemFree)
    osSlabMemInit                            0x08002f75   Thumb Code    82  los_slabmem.o(i.osSlabMemInit)
    osSwTmrInit                              0x08002fc9   Thumb Code   112  los_swtmr.o(i.osSwTmrInit)
    osSwTmrStart                             0x08003049   Thumb Code   382  los_swtmr.o(i.osSwTmrStart)
    osSwTmrTask                              0x080031d1   Thumb Code    56  los_swtmr.o(i.osSwTmrTask)
    osSwTmrTaskCreate                        0x0800320d   Thumb Code    44  los_swtmr.o(i.osSwTmrTaskCreate)
    osSwtmrScan                              0x080032d9   Thumb Code    24  los_swtmr.o(i.osSwtmrScan)
    osTaskAdd2TimerList                      0x080032f5   Thumb Code   126  los_task.o(i.osTaskAdd2TimerList)
    osTaskEntry                              0x08003379   Thumb Code    38  los_task.o(i.osTaskEntry)
    osTaskExit                               0x080033a5   Thumb Code     4  los_hw.o(i.osTaskExit)
    osTaskInit                               0x080033a9   Thumb Code   200  los_task.o(i.osTaskInit)
    osTaskMonInit                            0x0800347d   Thumb Code    30  los_task.o(i.osTaskMonInit)
    osTaskScan                               0x080034a9   Thumb Code   174  los_task.o(i.osTaskScan)
    osTaskSwitchCheck                        0x0800355d   Thumb Code   170  los_task.o(i.osTaskSwitchCheck)
    osTaskWait                               0x08003699   Thumb Code    70  los_task.o(i.osTaskWait)
    osTaskWake                               0x080036e5   Thumb Code    64  los_task.o(i.osTaskWake)
    osTickHandler                            0x08003725   Thumb Code    34  los_tick.o(i.osTickHandler)
    osTickStart                              0x0800374d   Thumb Code    86  los_hw_tick.o(i.osTickStart)
    osTimerListDelete                        0x080037bd   Thumb Code    48  los_task.o(i.osTimerListDelete)
    osTimesliceCheck                         0x080037f1   Thumb Code    44  los_timeslice.o(i.osTimesliceCheck)
    osTimesliceInit                          0x08003829   Thumb Code    12  los_timeslice.o(i.osTimesliceInit)
    osTskStackInit                           0x08003839   Thumb Code   120  los_hw.o(i.osTskStackInit)
    APBPrescTable                            0x080038e4   Data           8  system_stm32f1xx.o(.constdata)
    Region$$Table$$Base                      0x080038ec   Number         0  anon$$obj.o(Region$$Table)
    Region$$Table$$Limit                     0x0800390c   Number         0  anon$$obj.o(Region$$Table)
    uwTickFreq                               0x20000008   Data           1  stm32f1xx_hal.o(.data)
    uwTickPrio                               0x2000000c   Data           4  stm32f1xx_hal.o(.data)
    uwTick                                   0x20000010   Data           4  stm32f1xx_hal.o(.data)
    SystemCoreClock                          0x20000014   Data           4  system_stm32f1xx.o(.data)
    m_aucSysMem0                             0x20000028   Data           4  los_init.o(.data)
    g_pPoolHead                              0x2000002c   Data           4  los_memory.o(.data)
    g_pstAllMux                              0x20000030   Data           4  los_mux.o(.data)
    g_stUnusedMuxList                        0x20000034   Data           8  los_mux.o(.data)
    g_pstLosPriorityQueueList                0x20000040   Data           4  los_priqueue.o(.data)
    g_pstAllQueue                            0x20000044   Data           4  los_queue.o(.data)
    g_stFreeQueueList                        0x20000048   Data           8  los_queue.o(.data)
    g_pstAllSem                              0x20000050   Data           4  los_sem.o(.data)
    g_stUnusedSemList                        0x20000054   Data           8  los_sem.o(.data)
    m_uwSwTmrHandlerQueue                    0x20000068   Data           4  los_swtmr.o(.data)
    m_pstSwtmrCBArray                        0x2000006c   Data           4  los_swtmr.o(.data)
    m_pstSwtmrFreeList                       0x20000070   Data           4  los_swtmr.o(.data)
    m_pstSwtmrSortList                       0x20000074   Data           4  los_swtmr.o(.data)
    g_usLosTaskLock                          0x20000078   Data           2  los_task.o(.data)
    g_pfnTskSwitchHook                       0x2000007c   Data           4  los_task.o(.data)
    g_pfnUsrTskSwitchHook                    0x20000080   Data           4  los_task.o(.data)
    g_pstTaskCBArray                         0x20000084   Data           4  los_task.o(.data)
    g_uwTskMaxNum                            0x20000088   Data           4  los_task.o(.data)
    g_uwIdleTaskID                           0x2000008c   Data           4  los_task.o(.data)
    g_uwSwtmrTaskID                          0x20000090   Data           4  los_task.o(.data)
    g_bTaskScheduled                         0x20000094   Data           4  los_task.o(.data)
    g_stLosTask                              0x20000098   Data           8  los_task.o(.data)
    g_stTaskTimerList                        0x200000a0   Data           8  los_task.o(.data)
    g_stLosFreeTask                          0x200000a8   Data           8  los_task.o(.data)
    g_stTskRecyleList                        0x200000b0   Data           8  los_task.o(.data)
    g_stTskSortLink                          0x200000b8   Data           8  los_task.o(.data)
    g_bSysTickStart                          0x200000c0   Data           4  los_tick.o(.data)
    g_uwSysClock                             0x200000c8   Data           4  los_tick.o(.data)
    g_ullTickCount                           0x200000d0   Data           8  los_tick.o(.data)
    g_uwCyclesPerTick                        0x200000d8   Data           4  los_tick.o(.data)
    g_stTaskTimeSlice                        0x200000dc   Data           8  los_timeslice.o(.data)
    __stdout                                 0x200000e4   Data           4  stdout.o(.data)
    hspi1                                    0x200000e8   Data          88  spi.o(.bss)
    htim2                                    0x20000140   Data          64  tim.o(.bss)
    htim6                                    0x20000180   Data          64  tim.o(.bss)
    huart1                                   0x200001c0   Data          64  usart.o(.bss)
    huart2                                   0x20000200   Data          64  usart.o(.bss)
    huart3                                   0x20000240   Data          64  usart.o(.bss)
    hpcd_USB_FS                              0x20000280   Data        1120  usb.o(.bss)
    m_uwSwTmrAlignID                         0x200006e0   Data          64  los_swtmr.o(.bss)
    g_astTskSwitchInfo                       0x20000720   Data         342  los_task.o(.bss)
    Image$$RW_IRAM1$$ZI$$Limit               0x20001078   Number         0  anon$$obj.o ABSOLUTE
    __initial_sp                             0x20001078   Data           0  startup_stm32f103xe.o(STACK)



==============================================================================

Memory Map of the image

  Image Entry point : 0x08000131

  Load Region LR_IROM1 (Base: 0x08000000, Size: 0x000039f4, Max: 0x00080000, ABSOLUTE)

    Execution Region ER_IROM1 (Exec base: 0x08000000, Load base: 0x08000000, Size: 0x0000390c, Max: 0x00080000, ABSOLUTE)

    Exec Addr    Load Addr    Size         Type   Attr      Idx    E Section Name        Object

    0x08000000   0x08000000   0x00000130   Data   RO            3    RESET               startup_stm32f103xe.o
    0x08000130   0x08000130   0x00000000   Code   RO         5356  * .ARM.Collect$$$$00000000  mc_w.l(entry.o)
    0x08000130   0x08000130   0x00000004   Code   RO         5640    .ARM.Collect$$$$00000001  mc_w.l(entry2.o)
    0x08000134   0x08000134   0x00000004   Code   RO         5643    .ARM.Collect$$$$00000004  mc_w.l(entry5.o)
    0x08000138   0x08000138   0x00000000   Code   RO         5645    .ARM.Collect$$$$00000008  mc_w.l(entry7b.o)
    0x08000138   0x08000138   0x00000000   Code   RO         5647    .ARM.Collect$$$$0000000A  mc_w.l(entry8b.o)
    0x08000138   0x08000138   0x00000008   Code   RO         5648    .ARM.Collect$$$$0000000B  mc_w.l(entry9a.o)
    0x08000140   0x08000140   0x00000000   Code   RO         5650    .ARM.Collect$$$$0000000D  mc_w.l(entry10a.o)
    0x08000140   0x08000140   0x00000000   Code   RO         5652    .ARM.Collect$$$$0000000F  mc_w.l(entry11a.o)
    0x08000140   0x08000140   0x00000004   Code   RO         5641    .ARM.Collect$$$$00002712  mc_w.l(entry2.o)
    0x08000144   0x08000144   0x00000024   Code   RO            4    .text               startup_stm32f103xe.o
    0x08000168   0x08000168   0x000000cc   Code   RO         3532    .text               los_dispatch_keil.o
    0x08000234   0x08000234   0x00000062   Code   RO         5359    .text               mc_w.l(uldiv.o)
    0x08000296   0x08000296   0x00000020   Code   RO         5361    .text               mc_w.l(llushr.o)
    0x080002b6   0x080002b6   0x00000024   Code   RO         5363    .text               mc_w.l(memcpya.o)
    0x080002da   0x080002da   0x00000024   Code   RO         5365    .text               mc_w.l(memseta.o)
    0x080002fe   0x080002fe   0x0000001e   Code   RO         5657    .text               mc_w.l(llshl.o)
    0x0800031c   0x0800031c   0x00000024   Code   RO         5668    .text               mc_w.l(init.o)
    0x08000340   0x08000340   0x00000002   Code   RO          478    i.BusFault_Handler  stm32f1xx_it.o
    0x08000342   0x08000342   0x00000002   Code   RO          479    i.DebugMon_Handler  stm32f1xx_it.o
    0x08000344   0x08000344   0x00000002   Code   RO           13    i.Error_Handler     main.o
    0x08000346   0x08000346   0x00000002   PAD
    0x08000348   0x08000348   0x00000130   Code   RO         2974    i.HAL_DMA_Abort_IT  stm32f1xx_hal_dma.o
    0x08000478   0x08000478   0x00000020   Code   RO         2612    i.HAL_DeInit        stm32f1xx_hal.o
    0x08000498   0x08000498   0x00000024   Code   RO         2613    i.HAL_Delay         stm32f1xx_hal.o
    0x080004bc   0x080004bc   0x000001e8   Code   RO         2909    i.HAL_GPIO_Init     stm32f1xx_hal_gpio.o
    0x080006a4   0x080006a4   0x0000000a   Code   RO         2913    i.HAL_GPIO_WritePin  stm32f1xx_hal_gpio.o
    0x080006ae   0x080006ae   0x00000002   PAD
    0x080006b0   0x080006b0   0x0000000c   Code   RO         2617    i.HAL_GetTick       stm32f1xx_hal.o
    0x080006bc   0x080006bc   0x00000024   Code   RO         2622    i.HAL_Init          stm32f1xx_hal.o
    0x080006e0   0x080006e0   0x00000040   Code   RO         2623    i.HAL_InitTick      stm32f1xx_hal.o
    0x08000720   0x08000720   0x00000002   Code   RO         2624    i.HAL_MspDeInit     stm32f1xx_hal.o
    0x08000722   0x08000722   0x00000002   PAD
    0x08000724   0x08000724   0x00000044   Code   RO          572    i.HAL_MspInit       stm32f1xx_hal_msp.o
    0x08000768   0x08000768   0x00000016   Code   RO         3069    i.HAL_NVIC_EnableIRQ  stm32f1xx_hal_cortex.o
    0x0800077e   0x0800077e   0x00000002   PAD
    0x08000780   0x08000780   0x00000040   Code   RO         3075    i.HAL_NVIC_SetPriority  stm32f1xx_hal_cortex.o
    0x080007c0   0x080007c0   0x00000024   Code   RO         3076    i.HAL_NVIC_SetPriorityGrouping  stm32f1xx_hal_cortex.o
    0x080007e4   0x080007e4   0x000000c0   Code   RO         2190    i.HAL_PCD_Init      stm32f1xx_hal_pcd.o
    0x080008a4   0x080008a4   0x00000028   Code   RO          437    i.HAL_PCD_MspInit   usb.o
    0x080008cc   0x080008cc   0x00000020   Code   RO         2776    i.HAL_RCC_GetPCLK1Freq  stm32f1xx_hal_rcc.o
    0x080008ec   0x080008ec   0x00000020   Code   RO         2777    i.HAL_RCC_GetPCLK2Freq  stm32f1xx_hal_rcc.o
    0x0800090c   0x0800090c   0x00000082   Code   RO          955    i.HAL_SPI_Init      stm32f1xx_hal_spi_ex.o
    0x0800098e   0x0800098e   0x00000002   PAD
    0x08000990   0x08000990   0x00000070   Code   RO          283    i.HAL_SPI_MspInit   spi.o
    0x08000a00   0x08000a00   0x00000028   Code   RO         3080    i.HAL_SYSTICK_Config  stm32f1xx_hal_cortex.o
    0x08000a28   0x08000a28   0x00000002   Code   RO         1610    i.HAL_TIMEx_BreakCallback  stm32f1xx_hal_tim_ex.o
    0x08000a2a   0x08000a2a   0x00000002   Code   RO         1611    i.HAL_TIMEx_CommutationCallback  stm32f1xx_hal_tim_ex.o
    0x08000a2c   0x08000a2c   0x00000050   Code   RO         1627    i.HAL_TIMEx_MasterConfigSynchronization  stm32f1xx_hal_tim_ex.o
    0x08000a7c   0x08000a7c   0x00000036   Code   RO          981    i.HAL_TIM_Base_Init  stm32f1xx_hal_tim.o
    0x08000ab2   0x08000ab2   0x00000002   PAD
    0x08000ab4   0x08000ab4   0x00000060   Code   RO          329    i.HAL_TIM_Base_MspInit  tim.o
    0x08000b14   0x08000b14   0x000000f2   Code   RO          990    i.HAL_TIM_ConfigClockSource  stm32f1xx_hal_tim.o
    0x08000c06   0x08000c06   0x00000002   Code   RO         1010    i.HAL_TIM_IC_CaptureCallback  stm32f1xx_hal_tim.o
    0x08000c08   0x08000c08   0x00000166   Code   RO         1023    i.HAL_TIM_IRQHandler  stm32f1xx_hal_tim.o
    0x08000d6e   0x08000d6e   0x00000002   Code   RO         1026    i.HAL_TIM_OC_DelayElapsedCallback  stm32f1xx_hal_tim.o
    0x08000d70   0x08000d70   0x00000002   Code   RO         1053    i.HAL_TIM_PWM_PulseFinishedCallback  stm32f1xx_hal_tim.o
    0x08000d72   0x08000d72   0x00000002   Code   RO         1060    i.HAL_TIM_PeriodElapsedCallback  stm32f1xx_hal_tim.o
    0x08000d74   0x08000d74   0x00000002   Code   RO         1064    i.HAL_TIM_TriggerCallback  stm32f1xx_hal_tim.o
    0x08000d76   0x08000d76   0x00000002   Code   RO         1864    i.HAL_UART_ErrorCallback  stm32f1xx_hal_uart.o
    0x08000d78   0x08000d78   0x00000110   Code   RO         1867    i.HAL_UART_IRQHandler  stm32f1xx_hal_uart.o
    0x08000e88   0x08000e88   0x00000062   Code   RO         1868    i.HAL_UART_Init     stm32f1xx_hal_uart.o
    0x08000eea   0x08000eea   0x00000002   PAD
    0x08000eec   0x08000eec   0x00000134   Code   RO          377    i.HAL_UART_MspInit  usart.o
    0x08001020   0x08001020   0x00000002   Code   RO         1874    i.HAL_UART_RxCpltCallback  stm32f1xx_hal_uart.o
    0x08001022   0x08001022   0x000000ba   Code   RO         1876    i.HAL_UART_Transmit  stm32f1xx_hal_uart.o
    0x080010dc   0x080010dc   0x00000002   Code   RO         1879    i.HAL_UART_TxCpltCallback  stm32f1xx_hal_uart.o
    0x080010de   0x080010de   0x00000002   Code   RO          480    i.HardFault_Handler  stm32f1xx_it.o
    0x080010e0   0x080010e0   0x00000014   Code   RO         4182    i.LOS_Align         los_misc.o
    0x080010f4   0x080010f4   0x000000f0   Code   RO         3920    i.LOS_KernelInit    los_init.o
    0x080011e4   0x080011e4   0x0000000e   Code   RO         4218    i.LOS_ListAdd       los_mux.o
    0x080011f2   0x080011f2   0x0000000e   Code   RO         4357    i.LOS_ListAdd       los_queue.o
    0x08001200   0x08001200   0x0000000e   Code   RO         4500    i.LOS_ListAdd       los_sem.o
    0x0800120e   0x0800120e   0x0000000e   Code   RO         4965    i.LOS_ListAdd       los_task.o
    0x0800121c   0x0800121c   0x00000014   Code   RO         4966    i.LOS_ListDelete    los_task.o
    0x08001230   0x08001230   0x00000006   Code   RO         4967    i.LOS_ListTailInsert  los_task.o
    0x08001236   0x08001236   0x00000028   Code   RO         4067    i.LOS_MemAlloc      los_memory.o
    0x0800125e   0x0800125e   0x00000004   Code   RO         4068    i.LOS_MemAllocAlign  los_memory.o
    0x08001262   0x08001262   0x00000026   Code   RO         4070    i.LOS_MemFree       los_memory.o
    0x08001288   0x08001288   0x000000dc   Code   RO         4072    i.LOS_MemInit       los_memory.o
    0x08001364   0x08001364   0x000000c4   Code   RO         4358    i.LOS_QueueCreate   los_queue.o
    0x08001428   0x08001428   0x00000022   Code   RO         4362    i.LOS_QueueReadCopy  los_queue.o
    0x0800144a   0x0800144a   0x00000026   Code   RO         4364    i.LOS_QueueWriteCopy  los_queue.o
    0x08001470   0x08001470   0x00000040   Code   RO         3538    i.LOS_Schedule      los_hw.o
    0x080014b0   0x080014b0   0x0000003c   Code   RO         3922    i.LOS_Start         los_init.o
    0x080014ec   0x080014ec   0x00000070   Code   RO         4970    i.LOS_TaskCreate    los_task.o
    0x0800155c   0x0800155c   0x00000150   Code   RO         4971    i.LOS_TaskCreateOnly  los_task.o
    0x080016ac   0x080016ac   0x00000138   Code   RO         4973    i.LOS_TaskDelete    los_task.o
    0x080017e4   0x080017e4   0x00000070   Code   RO         4986    i.LOS_TaskYield     los_task.o
    0x08001854   0x08001854   0x0000000c   Code   RO         4908    i.LOS_TickCountGet  los_sys.o
    0x08001860   0x08001860   0x000000f4   Code   RO          245    i.MX_GPIO_Init      gpio.o
    0x08001954   0x08001954   0x00000048   Code   RO          284    i.MX_SPI1_Init      spi.o
    0x0800199c   0x0800199c   0x00000064   Code   RO          330    i.MX_TIM2_Init      tim.o
    0x08001a00   0x08001a00   0x00000048   Code   RO          331    i.MX_TIM6_Init      tim.o
    0x08001a48   0x08001a48   0x00000038   Code   RO          378    i.MX_USART1_UART_Init  usart.o
    0x08001a80   0x08001a80   0x00000038   Code   RO          379    i.MX_USART2_UART_Init  usart.o
    0x08001ab8   0x08001ab8   0x00000038   Code   RO          380    i.MX_USART3_UART_Init  usart.o
    0x08001af0   0x08001af0   0x00000034   Code   RO          438    i.MX_USB_PCD_Init   usb.o
    0x08001b24   0x08001b24   0x00000002   Code   RO          481    i.MemManage_Handler  stm32f1xx_it.o
    0x08001b26   0x08001b26   0x00000002   Code   RO          482    i.NMI_Handler       stm32f1xx_it.o
    0x08001b28   0x08001b28   0x00000020   Code   RO         3082    i.NVIC_SetPriority  stm32f1xx_hal_cortex.o
    0x08001b48   0x08001b48   0x00000002   Code   RO          483    i.SVC_Handler       stm32f1xx_it.o
    0x08001b4a   0x08001b4a   0x00000002   PAD
    0x08001b4c   0x08001b4c   0x00000024   Code   RO         3685    i.SysTick_Handler   los_hwi.o
    0x08001b70   0x08001b70   0x00000048   Code   RO         3498    i.SystemInit        system_stm32f1xx.o
    0x08001bb8   0x08001bb8   0x0000000c   Code   RO          484    i.TIM2_IRQHandler   stm32f1xx_it.o
    0x08001bc4   0x08001bc4   0x0000000c   Code   RO          485    i.TIM6_IRQHandler   stm32f1xx_it.o
    0x08001bd0   0x08001bd0   0x0000008c   Code   RO         1065    i.TIM_Base_SetConfig  stm32f1xx_hal_tim.o
    0x08001c5c   0x08001c5c   0x00000014   Code   RO         1072    i.TIM_ETR_SetConfig  stm32f1xx_hal_tim.o
    0x08001c70   0x08001c70   0x00000010   Code   RO         1073    i.TIM_ITRx_SetConfig  stm32f1xx_hal_tim.o
    0x08001c80   0x08001c80   0x00000022   Code   RO         1079    i.TIM_TI1_ConfigInputStage  stm32f1xx_hal_tim.o
    0x08001ca2   0x08001ca2   0x00000024   Code   RO         1081    i.TIM_TI2_ConfigInputStage  stm32f1xx_hal_tim.o
    0x08001cc6   0x08001cc6   0x00000010   Code   RO         1881    i.UART_DMAAbortOnError  stm32f1xx_hal_uart.o
    0x08001cd6   0x08001cd6   0x0000001c   Code   RO         1891    i.UART_EndRxTransfer  stm32f1xx_hal_uart.o
    0x08001cf2   0x08001cf2   0x00000096   Code   RO         1893    i.UART_Receive_IT   stm32f1xx_hal_uart.o
    0x08001d88   0x08001d88   0x00000170   Code   RO         1894    i.UART_SetConfig    stm32f1xx_hal_uart.o
    0x08001ef8   0x08001ef8   0x00000062   Code   RO         1895    i.UART_Transmit_IT  stm32f1xx_hal_uart.o
    0x08001f5a   0x08001f5a   0x00000064   Code   RO         1896    i.UART_WaitOnFlagUntilTimeout  stm32f1xx_hal_uart.o
    0x08001fbe   0x08001fbe   0x00000002   PAD
    0x08001fc0   0x08001fc0   0x0000000c   Code   RO          486    i.USART1_IRQHandler  stm32f1xx_it.o
    0x08001fcc   0x08001fcc   0x0000000c   Code   RO          487    i.USART2_IRQHandler  stm32f1xx_it.o
    0x08001fd8   0x08001fd8   0x0000000c   Code   RO          488    i.USART3_IRQHandler  stm32f1xx_it.o
    0x08001fe4   0x08001fe4   0x00000004   Code   RO         2417    i.USB_CoreInit      stm32f1xx_ll_usb.o
    0x08001fe8   0x08001fe8   0x00000004   Code   RO         2421    i.USB_DevDisconnect  stm32f1xx_ll_usb.o
    0x08001fec   0x08001fec   0x0000001e   Code   RO         2422    i.USB_DevInit       stm32f1xx_ll_usb.o
    0x0800200a   0x0800200a   0x0000000e   Code   RO         2423    i.USB_DisableGlobalInt  stm32f1xx_ll_usb.o
    0x08002018   0x08002018   0x0000000e   Code   RO         2428    i.USB_EnableGlobalInt  stm32f1xx_ll_usb.o
    0x08002026   0x08002026   0x00000004   Code   RO         2438    i.USB_SetCurrentMode  stm32f1xx_ll_usb.o
    0x0800202a   0x0800202a   0x00000002   Code   RO          489    i.UsageFault_Handler  stm32f1xx_it.o
    0x0800202c   0x0800202c   0x00000020   Code   RO         5578    i.__0printf$8       mc_w.l(printf8.o)
    0x0800204c   0x0800204c   0x0000000e   Code   RO         5674    i.__scatterload_copy  mc_w.l(handlers.o)
    0x0800205a   0x0800205a   0x00000002   Code   RO         5675    i.__scatterload_null  mc_w.l(handlers.o)
    0x0800205c   0x0800205c   0x0000000e   Code   RO         5676    i.__scatterload_zeroinit  mc_w.l(handlers.o)
    0x0800206a   0x0800206a   0x00000002   PAD
    0x0800206c   0x0800206c   0x00000410   Code   RO         5585    i._printf_core      mc_w.l(printf8.o)
    0x0800247c   0x0800247c   0x00000024   Code   RO         5586    i._printf_post_padding  mc_w.l(printf8.o)
    0x080024a0   0x080024a0   0x0000002e   Code   RO         5587    i._printf_pre_padding  mc_w.l(printf8.o)
    0x080024ce   0x080024ce   0x00000002   PAD
    0x080024d0   0x080024d0   0x00000038   Code   RO          246    i.creat_task        gpio.o
    0x08002508   0x08002508   0x00000018   Code   RO          381    i.fputc             usart.o
    0x08002520   0x08002520   0x00000036   Code   RO           15    i.main              main.o
    0x08002556   0x08002556   0x0000001a   Code   RO         3828    i.osAlarmHeapInfo   los_heap.o
    0x08002570   0x08002570   0x0000001e   Code   RO         4576    i.osAtomicBitsetClearBit  los_slab.o
    0x0800258e   0x0800258e   0x00000042   Code   RO         4578    i.osAtomicBitsetFindClearAndSet  los_slab.o
    0x080025d0   0x080025d0   0x00000022   Code   RO         4579    i.osAtomicBitsetGetBit  los_slab.o
    0x080025f2   0x080025f2   0x0000002c   Code   RO         4581    i.osAtomicBitsetInit  los_slab.o
    0x0800261e   0x0800261e   0x00000002   PAD
    0x08002620   0x08002620   0x00000120   Code   RO         3829    i.osHeapAlloc       los_heap.o
    0x08002740   0x08002740   0x0000003a   Code   RO         3830    i.osHeapAllocAlign  los_heap.o
    0x0800277a   0x0800277a   0x00000002   PAD
    0x0800277c   0x0800277c   0x00000104   Code   RO         3831    i.osHeapFree        los_heap.o
    0x08002880   0x08002880   0x0000003a   Code   RO         3834    i.osHeapInit        los_heap.o
    0x080028ba   0x080028ba   0x00000016   Code   RO         3835    i.osHeapPrvGetNext  los_heap.o
    0x080028d0   0x080028d0   0x00000048   Code   RO         3836    i.osHeapStatisticsGet  los_heap.o
    0x08002918   0x08002918   0x00000002   Code   RO         4990    i.osIdleTask        los_task.o
    0x0800291a   0x0800291a   0x00000002   PAD
    0x0800291c   0x0800291c   0x00000040   Code   RO         4991    i.osIdleTaskCreate  los_task.o
    0x0800295c   0x0800295c   0x00000006   Code   RO         3686    i.osIntNumGet       los_hwi.o
    0x08002962   0x08002962   0x00000002   PAD
    0x08002964   0x08002964   0x00000014   Code   RO         4076    i.osMemSystemInit   los_memory.o
    0x08002978   0x08002978   0x00000058   Code   RO         4223    i.osMuxInit         los_mux.o
    0x080029d0   0x080029d0   0x00000038   Code   RO         4297    i.osPriqueueDequeue  los_priqueue.o
    0x08002a08   0x08002a08   0x00000030   Code   RO         4298    i.osPriqueueEnqueue  los_priqueue.o
    0x08002a38   0x08002a38   0x00000034   Code   RO         4299    i.osPriqueueInit    los_priqueue.o
    0x08002a6c   0x08002a6c   0x00000024   Code   RO         4300    i.osPriqueueSize    los_priqueue.o
    0x08002a90   0x08002a90   0x0000001c   Code   RO         4301    i.osPriqueueTop     los_priqueue.o
    0x08002aac   0x08002aac   0x000000d0   Code   RO         4367    i.osQueueBufferOperate  los_queue.o
    0x08002b7c   0x08002b7c   0x0000005c   Code   RO         4368    i.osQueueInit       los_queue.o
    0x08002bd8   0x08002bd8   0x00000168   Code   RO         4371    i.osQueueOperate    los_queue.o
    0x08002d40   0x08002d40   0x00000034   Code   RO         4372    i.osQueueReadParameterCheck  los_queue.o
    0x08002d74   0x08002d74   0x00000034   Code   RO         4373    i.osQueueWriteParameterCheck  los_queue.o
    0x08002da8   0x08002da8   0x00000004   Code   RO         3540    i.osSchedule        los_hw.o
    0x08002dac   0x08002dac   0x00000054   Code   RO         4506    i.osSemInit         los_sem.o
    0x08002e00   0x08002e00   0x0000001c   Code   RO         4582    i.osSlabAllocatorAlloc  los_slab.o
    0x08002e1c   0x08002e1c   0x00000038   Code   RO         4586    i.osSlabAllocatorFree  los_slab.o
    0x08002e54   0x08002e54   0x00000046   Code   RO         4593    i.osSlabAllocatorNew  los_slab.o
    0x08002e9a   0x08002e9a   0x00000014   Code   RO         4707    i.osSlabBlockHeadFill  los_slabmem.o
    0x08002eae   0x08002eae   0x00000004   Code   RO         4077    i.osSlabCtrlHdrGet  los_memory.o
    0x08002eb2   0x08002eb2   0x00000062   Code   RO         4709    i.osSlabMemAlloc    los_slabmem.o
    0x08002f14   0x08002f14   0x0000005e   Code   RO         4712    i.osSlabMemFree     los_slabmem.o
    0x08002f72   0x08002f72   0x00000002   PAD
    0x08002f74   0x08002f74   0x00000052   Code   RO         4713    i.osSlabMemInit     los_slabmem.o
    0x08002fc6   0x08002fc6   0x00000002   PAD
    0x08002fc8   0x08002fc8   0x00000080   Code   RO         4779    i.osSwTmrInit       los_swtmr.o
    0x08003048   0x08003048   0x00000188   Code   RO         4780    i.osSwTmrStart      los_swtmr.o
    0x080031d0   0x080031d0   0x0000003c   Code   RO         4781    i.osSwTmrTask       los_swtmr.o
    0x0800320c   0x0800320c   0x00000040   Code   RO         4782    i.osSwTmrTaskCreate  los_swtmr.o
    0x0800324c   0x0800324c   0x00000068   Code   RO         4783    i.osSwTmrTimeoutHandle  los_swtmr.o
    0x080032b4   0x080032b4   0x00000024   Code   RO         4785    i.osSwtmrDelete     los_swtmr.o
    0x080032d8   0x080032d8   0x0000001c   Code   RO         4786    i.osSwtmrScan       los_swtmr.o
    0x080032f4   0x080032f4   0x00000084   Code   RO         4992    i.osTaskAdd2TimerList  los_task.o
    0x08003378   0x08003378   0x0000002c   Code   RO         4993    i.osTaskEntry       los_task.o
    0x080033a4   0x080033a4   0x00000004   Code   RO         3541    i.osTaskExit        los_hw.o
    0x080033a8   0x080033a8   0x000000d4   Code   RO         4994    i.osTaskInit        los_task.o
    0x0800347c   0x0800347c   0x0000002c   Code   RO         4995    i.osTaskMonInit     los_task.o
    0x080034a8   0x080034a8   0x000000b4   Code   RO         4997    i.osTaskScan        los_task.o
    0x0800355c   0x0800355c   0x0000013c   Code   RO         4998    i.osTaskSwitchCheck  los_task.o
    0x08003698   0x08003698   0x0000004c   Code   RO         4999    i.osTaskWait        los_task.o
    0x080036e4   0x080036e4   0x00000040   Code   RO         5000    i.osTaskWake        los_task.o
    0x08003724   0x08003724   0x00000028   Code   RO         5240    i.osTickHandler     los_tick.o
    0x0800374c   0x0800374c   0x00000070   Code   RO         3635    i.osTickStart       los_hw_tick.o
    0x080037bc   0x080037bc   0x00000034   Code   RO         5001    i.osTimerListDelete  los_task.o
    0x080037f0   0x080037f0   0x00000038   Code   RO         5323    i.osTimesliceCheck  los_timeslice.o
    0x08003828   0x08003828   0x00000010   Code   RO         5324    i.osTimesliceInit   los_timeslice.o
    0x08003838   0x08003838   0x00000080   Code   RO         3542    i.osTskStackInit    los_hw.o
    0x080038b8   0x080038b8   0x0000002c   Code   RO          247    i.task_LED_1        gpio.o
    0x080038e4   0x080038e4   0x00000008   Data   RO         3500    .constdata          system_stm32f1xx.o
    0x080038ec   0x080038ec   0x00000020   Data   RO         5672    Region$$Table       anon$$obj.o


    Execution Region RW_IRAM1 (Exec base: 0x20000000, Load base: 0x0800390c, Size: 0x00001078, Max: 0x00010000, ABSOLUTE)

    Exec Addr    Load Addr    Size         Type   Attr      Idx    E Section Name        Object

    0x20000000   0x0800390c   0x00000008   Data   RW          248    .data               gpio.o
    0x20000008   0x08003914   0x0000000c   Data   RW         2629    .data               stm32f1xx_hal.o
    0x20000014   0x08003920   0x00000004   Data   RW         3501    .data               system_stm32f1xx.o
    0x20000018   0x08003924   0x00000010   Data   RW         3837    .data               los_heap.o
    0x20000028   0x08003934   0x00000004   Data   RW         3924    .data               los_init.o
    0x2000002c   0x08003938   0x00000004   Data   RW         4078    .data               los_memory.o
    0x20000030   0x0800393c   0x0000000c   Data   RW         4224    .data               los_mux.o
    0x2000003c   0x08003948   0x00000008   Data   RW         4303    .data               los_priqueue.o
    0x20000044   0x08003950   0x0000000c   Data   RW         4374    .data               los_queue.o
    0x20000050   0x0800395c   0x0000000c   Data   RW         4507    .data               los_sem.o
    0x2000005c   0x08003968   0x0000001c   Data   RW         4790    .data               los_swtmr.o
    0x20000078   0x08003984   0x00000048   Data   RW         5004    .data               los_task.o
    0x200000c0   0x080039cc   0x00000004   Data   RW         5241    .data               los_tick.o
    0x200000c4   0x080039d0   0x00000004   PAD
    0x200000c8   0x080039d4   0x00000010   Data   RW         5242    .data               los_tick.o
    0x200000d8   0x080039e4   0x00000004   Data   RW         5245    .data               los_tick.o
    0x200000dc   0x080039e8   0x00000008   Data   RW         5325    .data               los_timeslice.o
    0x200000e4   0x080039f0   0x00000004   Data   RW         5654    .data               mc_w.l(stdout.o)
    0x200000e8        -       0x00000058   Zero   RW          285    .bss                spi.o
    0x20000140        -       0x00000080   Zero   RW          332    .bss                tim.o
    0x200001c0        -       0x000000c0   Zero   RW          382    .bss                usart.o
    0x20000280        -       0x00000460   Zero   RW          439    .bss                usb.o
    0x200006e0        -       0x00000040   Zero   RW         4789    .bss                los_swtmr.o
    0x20000720        -       0x00000156   Zero   RW         5002    .bss                los_task.o
    0x20000876   0x080039f4   0x00000002   PAD
    0x20000878        -       0x00000800   Zero   RW            1    STACK               startup_stm32f103xe.o


==============================================================================

Image component sizes


      Code (inc. data)   RO Data    RW Data    ZI Data      Debug   Object Name

       344         48          0          8          0       2076   gpio.o
       204         24          0          0          0        356   los_dispatch_keil.o
       784        100          0         16          0       9936   los_heap.o
       200         18          0          0          0      12866   los_hw.o
       112         26          0          0          0      22845   los_hw_tick.o
        42          8          0          0          0       3644   los_hwi.o
       300        138          0          4          0       1744   los_init.o
         0          0          0          0          0       2040   los_memcheck.o
       326         70          0          4          0       5410   los_memory.o
        20          0          0          0          0        556   los_misc.o
       102         14          0         12          0      11032   los_mux.o
       220         30          0          8          0       3686   los_priqueue.o
      1046         94          0         12          0      21945   los_queue.o
        98         12          0         12          0       2508   los_sem.o
       328          0          0          0          0       5612   los_slab.o
       294          0          0          0          0       3711   los_slabmem.o
       812         70          0         28         64      10179   los_swtmr.o
        12          4          0          0          0        447   los_sys.o
      2098        276          0         72        342      20440   los_task.o
        40          6          0         24          0        932   los_tick.o
        72         16          0          8          0       1133   los_timeslice.o
        56          0          0          0          0     500851   main.o
       184         24          0          0         88       2801   spi.o
        36          8        304          0       2048        776   startup_stm32f103xe.o
       182         30          0         12          0       6824   stm32f1xx_hal.o
       194         14          0          0          0      25611   stm32f1xx_hal_cortex.o
       304          8          0          0          0       1111   stm32f1xx_hal_dma.o
       498         42          0          0          0       2808   stm32f1xx_hal_gpio.o
        68         10          0          0          0        818   stm32f1xx_hal_msp.o
       192          0          0          0          0       1376   stm32f1xx_hal_pcd.o
        64         24          0          0          0       1676   stm32f1xx_hal_rcc.o
       130          0          0          0          0       1015   stm32f1xx_hal_spi_ex.o
       910         20          0          0          0       9051   stm32f1xx_hal_tim.o
        84          0          0          0          0       2222   stm32f1xx_hal_tim_ex.o
      1322         10          0          0          0       8715   stm32f1xx_hal_uart.o
        74         30          0          0          0       4867   stm32f1xx_it.o
        70          0          0          0          0       3627   stm32f1xx_ll_usb.o
        72         16          8          4          0       1099   system_stm32f1xx.o
       268         24          0          0        128       2119   tim.o
       500         54          0          0        192       3372   usart.o
        92         20          0          0       1120       1414   usb.o

    ----------------------------------------------------------------------
     12784       1288        344        228       3984     725251   Object Totals
         0          0         32          0          0          0   (incl. Generated)
        30          0          0          4          2          0   (incl. Padding)

    ----------------------------------------------------------------------

      Code (inc. data)   RO Data    RW Data    ZI Data      Debug   Library Member Name

         0          0          0          0          0          0   entry.o
         0          0          0          0          0          0   entry10a.o
         0          0          0          0          0          0   entry11a.o
         8          4          0          0          0          0   entry2.o
         4          0          0          0          0          0   entry5.o
         0          0          0          0          0          0   entry7b.o
         0          0          0          0          0          0   entry8b.o
         8          4          0          0          0          0   entry9a.o
        30          0          0          0          0          0   handlers.o
        36          8          0          0          0         68   init.o
        30          0          0          0          0         68   llshl.o
        32          0          0          0          0         68   llushr.o
        36          0          0          0          0         68   memcpya.o
        36          0          0          0          0        108   memseta.o
      1154         54          0          0          0        352   printf8.o
         0          0          0          4          0          0   stdout.o
        98          0          0          0          0         92   uldiv.o

    ----------------------------------------------------------------------
      1476         70          0          4          0        824   Library Totals
         4          0          0          0          0          0   (incl. Padding)

    ----------------------------------------------------------------------

      Code (inc. data)   RO Data    RW Data    ZI Data      Debug   Library Name

      1472         70          0          4          0        824   mc_w.l

    ----------------------------------------------------------------------
      1476         70          0          4          0        824   Library Totals

    ----------------------------------------------------------------------

==============================================================================


      Code (inc. data)   RO Data    RW Data    ZI Data      Debug   

     14260       1358        344        232       3984     717595   Grand Totals
     14260       1358        344        232       3984     717595   ELF Image Totals
     14260       1358        344        232          0          0   ROM Totals

==============================================================================

    Total RO  Size (Code + RO Data)                14604 (  14.26kB)
    Total RW  Size (RW Data + ZI Data)              4216 (   4.12kB)
    Total ROM Size (Code + RO Data + RW Data)      14836 (  14.49kB)

==============================================================================

